Archive member included to satisfy reference by file (symbol)

/usr/lib/gcc/arm-none-eabi/9.2.1/thumb/v6-m/nofp/libgcc.a(_dvmd_tls.o)
                              CMakeFiles/rp2040-freertos-template.dir/home/linux/pico/pico-sdk/src/rp2_common/pico_divider/divider.S.obj (__aeabi_idiv0)
/usr/lib/gcc/arm-none-eabi/9.2.1/../../../arm-none-eabi/lib/thumb/v6-m/nofp/libg.a(lib_a-atexit.o)
                              /usr/lib/gcc/arm-none-eabi/9.2.1/../../../arm-none-eabi/lib/thumb/v6-m/nofp/crt0.o (atexit)
/usr/lib/gcc/arm-none-eabi/9.2.1/../../../arm-none-eabi/lib/thumb/v6-m/nofp/libg.a(lib_a-calloc.o)
                              CMakeFiles/rp2040-freertos-template.dir/home/linux/pico/pico-sdk/src/rp2_common/pico_malloc/pico_malloc.c.obj (calloc)
/usr/lib/gcc/arm-none-eabi/9.2.1/../../../arm-none-eabi/lib/thumb/v6-m/nofp/libg.a(lib_a-callocr.o)
                              /usr/lib/gcc/arm-none-eabi/9.2.1/../../../arm-none-eabi/lib/thumb/v6-m/nofp/libg.a(lib_a-calloc.o) (_calloc_r)
/usr/lib/gcc/arm-none-eabi/9.2.1/../../../arm-none-eabi/lib/thumb/v6-m/nofp/libg.a(lib_a-fini.o)
                              /usr/lib/gcc/arm-none-eabi/9.2.1/../../../arm-none-eabi/lib/thumb/v6-m/nofp/crt0.o (__libc_fini_array)
/usr/lib/gcc/arm-none-eabi/9.2.1/../../../arm-none-eabi/lib/thumb/v6-m/nofp/libg.a(lib_a-impure.o)
                              /usr/lib/gcc/arm-none-eabi/9.2.1/../../../arm-none-eabi/lib/thumb/v6-m/nofp/libg.a(lib_a-calloc.o) (_impure_ptr)
/usr/lib/gcc/arm-none-eabi/9.2.1/../../../arm-none-eabi/lib/thumb/v6-m/nofp/libg.a(lib_a-init.o)
                              /usr/lib/gcc/arm-none-eabi/9.2.1/../../../arm-none-eabi/lib/thumb/v6-m/nofp/crt0.o (__libc_init_array)
/usr/lib/gcc/arm-none-eabi/9.2.1/../../../arm-none-eabi/lib/thumb/v6-m/nofp/libg.a(lib_a-malloc.o)
                              CMakeFiles/rp2040-freertos-template.dir/home/linux/pico/pico-sdk/src/rp2_common/pico_malloc/pico_malloc.c.obj (malloc)
/usr/lib/gcc/arm-none-eabi/9.2.1/../../../arm-none-eabi/lib/thumb/v6-m/nofp/libg.a(lib_a-mallocr.o)
                              /usr/lib/gcc/arm-none-eabi/9.2.1/../../../arm-none-eabi/lib/thumb/v6-m/nofp/libg.a(lib_a-callocr.o) (_malloc_r)
/usr/lib/gcc/arm-none-eabi/9.2.1/../../../arm-none-eabi/lib/thumb/v6-m/nofp/libg.a(lib_a-mlock.o)
                              /usr/lib/gcc/arm-none-eabi/9.2.1/../../../arm-none-eabi/lib/thumb/v6-m/nofp/libg.a(lib_a-mallocr.o) (__malloc_lock)
/usr/lib/gcc/arm-none-eabi/9.2.1/../../../arm-none-eabi/lib/thumb/v6-m/nofp/libg.a(lib_a-realloc.o)
                              CMakeFiles/rp2040-freertos-template.dir/home/linux/pico/pico-sdk/src/rp2_common/pico_malloc/pico_malloc.c.obj (realloc)
/usr/lib/gcc/arm-none-eabi/9.2.1/../../../arm-none-eabi/lib/thumb/v6-m/nofp/libg.a(lib_a-reallocr.o)
                              /usr/lib/gcc/arm-none-eabi/9.2.1/../../../arm-none-eabi/lib/thumb/v6-m/nofp/libg.a(lib_a-realloc.o) (_realloc_r)
/usr/lib/gcc/arm-none-eabi/9.2.1/../../../arm-none-eabi/lib/thumb/v6-m/nofp/libg.a(lib_a-sbrkr.o)
                              /usr/lib/gcc/arm-none-eabi/9.2.1/../../../arm-none-eabi/lib/thumb/v6-m/nofp/libg.a(lib_a-mallocr.o) (_sbrk_r)
/usr/lib/gcc/arm-none-eabi/9.2.1/../../../arm-none-eabi/lib/thumb/v6-m/nofp/libg.a(lib_a-strlen-stub.o)
                              CMakeFiles/rp2040-freertos-template.dir/home/linux/pico/pico-sdk/src/rp2_common/pico_stdio/stdio.c.obj (strlen)
/usr/lib/gcc/arm-none-eabi/9.2.1/../../../arm-none-eabi/lib/thumb/v6-m/nofp/libg.a(lib_a-__atexit.o)
                              /usr/lib/gcc/arm-none-eabi/9.2.1/../../../arm-none-eabi/lib/thumb/v6-m/nofp/libg.a(lib_a-atexit.o) (__register_exitproc)
/usr/lib/gcc/arm-none-eabi/9.2.1/../../../arm-none-eabi/lib/thumb/v6-m/nofp/libg.a(lib_a-freer.o)
                              /usr/lib/gcc/arm-none-eabi/9.2.1/../../../arm-none-eabi/lib/thumb/v6-m/nofp/libg.a(lib_a-malloc.o) (_free_r)
/usr/lib/gcc/arm-none-eabi/9.2.1/../../../arm-none-eabi/lib/thumb/v6-m/nofp/libg.a(lib_a-memmove.o)
                              /usr/lib/gcc/arm-none-eabi/9.2.1/../../../arm-none-eabi/lib/thumb/v6-m/nofp/libg.a(lib_a-reallocr.o) (memmove)
/usr/lib/gcc/arm-none-eabi/9.2.1/../../../arm-none-eabi/lib/thumb/v6-m/nofp/libg.a(lib_a-reent.o)
                              /usr/lib/gcc/arm-none-eabi/9.2.1/../../../arm-none-eabi/lib/thumb/v6-m/nofp/libg.a(lib_a-sbrkr.o) (errno)

Allocating common symbols
Common symbol       size              file

sf_table            0x100             CMakeFiles/rp2040-freertos-template.dir/home/linux/pico/pico-sdk/src/rp2_common/pico_float/float_init_rom.c.obj
errno               0x4               /usr/lib/gcc/arm-none-eabi/9.2.1/../../../arm-none-eabi/lib/thumb/v6-m/nofp/libg.a(lib_a-reent.o)
xQueueRegistry      0x40              CMakeFiles/rp2040-freertos-template.dir/__/lib/FreeRTOS-Kernel/queue.c.obj
sd_table            0x100             CMakeFiles/rp2040-freertos-template.dir/home/linux/pico/pico-sdk/src/rp2_common/pico_double/double_init_rom.c.obj
[...]
Memory Configuration

Name             Origin             Length             Attributes
FLASH            0x0000000010000000 0x0000000000200000 xr
RAM              0x0000000020000000 0x0000000000040000 xrw
SCRATCH_X        0x0000000020040000 0x0000000000001000 xrw
SCRATCH_Y        0x0000000020041000 0x0000000000001000 xrw
*default*        0x0000000000000000 0xffffffffffffffff

Linker script and memory map

LOAD /usr/lib/gcc/arm-none-eabi/9.2.1/thumb/v6-m/nofp/crti.o
LOAD /usr/lib/gcc/arm-none-eabi/9.2.1/thumb/v6-m/nofp/crtbegin.o
LOAD /usr/lib/gcc/arm-none-eabi/9.2.1/../../../arm-none-eabi/lib/thumb/v6-m/nofp/crt0.o

.flash_begin    0x0000000010000000        0x0
                0x0000000010000000                __flash_binary_start = .

.boot2          0x0000000010000000      0x100
                0x0000000010000000                __boot2_start__ = .
 *(.boot2)
 .boot2         0x0000000010000000      0x100 /tmp/cc4JXq7Y.o
                0x0000000010000100                __boot2_end__ = .
                0x0000000000000001                ASSERT (((__boot2_end__ - __boot2_start__) == 0x100), ERROR: Pico second stage bootloader must be 256 bytes in size)

.text           0x0000000010000100     0x6a88
                0x0000000010000100                __logical_binary_start = .
 *(.vectors)
 .vectors       0x0000000010000100       0xd4 CMakeFiles/rp2040-freertos-template.dir/home/linux/pico/pico-sdk/src/rp2_common/pico_standard_link/crt0.S.obj
                0x0000000010000100                __vectors
                0x0000000010000100                __VECTOR_TABLE
                0x00000000100001c0                isr_invalid
                0x00000000100001c0                __default_isrs_start
                0x00000000100001c2                isr_nmi
                0x00000000100001c4                isr_hardfault
                0x00000000100001c6                isr_svcall
                0x00000000100001c8                isr_pendsv
                0x00000000100001ca                isr_systick
                0x00000000100001cc                isr_irq30
                0x00000000100001cc                __unhandled_user_irq
                0x00000000100001cc                isr_irq13
                0x00000000100001cc                isr_irq27
                0x00000000100001cc                isr_irq31
                0x00000000100001cc                isr_irq5
                0x00000000100001cc                isr_irq11
                0x00000000100001cc                isr_irq23
                0x00000000100001cc                isr_irq18
                0x00000000100001cc                isr_irq28
                0x00000000100001cc                isr_irq19
                0x00000000100001cc                isr_irq0
                0x00000000100001cc                isr_irq6
                0x00000000100001cc                isr_irq22
                0x00000000100001cc                isr_irq17
                0x00000000100001cc                isr_irq14
                0x00000000100001cc                isr_irq2
                0x00000000100001cc                isr_irq10
                0x00000000100001cc                isr_irq8
                0x00000000100001cc                isr_irq24
                0x00000000100001cc                isr_irq1
                0x00000000100001cc                isr_irq7
                0x00000000100001cc                isr_irq21
                0x00000000100001cc                isr_irq20
                0x00000000100001cc                isr_irq15
                0x00000000100001cc                isr_irq25
                0x00000000100001cc                isr_irq4
                0x00000000100001cc                isr_irq16
                0x00000000100001cc                isr_irq29
                0x00000000100001cc                isr_irq26
                0x00000000100001cc                __default_isrs_end
                0x00000000100001cc                isr_irq3
                0x00000000100001cc                isr_irq12
                0x00000000100001cc                isr_irq9
                0x00000000100001d2                unhandled_user_irq_num_in_r0
 *(.binary_info_header)
 .binary_info_header
                0x00000000100001d4       0x14 CMakeFiles/rp2040-freertos-template.dir/home/linux/pico/pico-sdk/src/rp2_common/pico_standard_link/crt0.S.obj
                0x00000000100001e8                __binary_info_header_end = .
 *(.reset)
 .reset         0x00000000100001e8       0xa0 CMakeFiles/rp2040-freertos-template.dir/home/linux/pico/pico-sdk/src/rp2_common/pico_standard_link/crt0.S.obj
                0x00000000100001e8                _entry_point
 .reset         0x0000000010000288       0x30 CMakeFiles/rp2040-freertos-template.dir/home/linux/pico/pico-sdk/src/rp2_common/pico_standard_link/binary_info.c.obj
 *(.init)
 .init          0x00000000100002b8        0x4 /usr/lib/gcc/arm-none-eabi/9.2.1/thumb/v6-m/nofp/crti.o
                0x00000000100002b8                _init
 *(EXCLUDE_FILE(*libm.a: *libc.a:*lib_a-mem*.o *libgcc.a:) .text*)
 .text          0x00000000100002bc       0x98 /usr/lib/gcc/arm-none-eabi/9.2.1/thumb/v6-m/nofp/crtbegin.o
 .text.vTask_led_red
                0x0000000010000354       0x5c CMakeFiles/rp2040-freertos-template.dir/main.c.obj
                0x0000000010000354                vTask_led_red
 .text.vTask_queue
                0x00000000100003b0       0x58 CMakeFiles/rp2040-freertos-template.dir/main.c.obj
                0x00000000100003b0                vTask_queue
 .text.main     0x0000000010000408       0x58 CMakeFiles/rp2040-freertos-template.dir/main.c.obj
                0x0000000010000408                main
 .text.gpio_set_function
                0x0000000010000460       0x30 CMakeFiles/rp2040-freertos-template.dir/home/linux/pico/pico-sdk/src/rp2_common/hardware_gpio/gpio.c.obj
                0x0000000010000460                gpio_set_function
 .text.gpio_init
                0x0000000010000490       0x16 CMakeFiles/rp2040-freertos-template.dir/home/linux/pico/pico-sdk/src/rp2_common/hardware_gpio/gpio.c.obj
                0x0000000010000490                gpio_init
 *fill*         0x00000000100004a6        0x2 
 .text.running_on_fpga
                0x00000000100004a8       0x14 CMakeFiles/rp2040-freertos-template.dir/home/linux/pico/pico-sdk/src/rp2_common/pico_platform/platform.c.obj
                0x00000000100004a8                running_on_fpga
 .text.hw_claim_lock
                0x00000000100004bc       0x18 CMakeFiles/rp2040-freertos-template.dir/home/linux/pico/pico-sdk/src/rp2_common/hardware_claim/claim.c.obj
                0x00000000100004bc                hw_claim_lock
 .text.hw_claim_unlock
                0x00000000100004d4       0x14 CMakeFiles/rp2040-freertos-template.dir/home/linux/pico/pico-sdk/src/rp2_common/hardware_claim/claim.c.obj
                0x00000000100004d4                hw_claim_unlock
 .text.hw_claim_or_assert
                0x00000000100004e8       0x32 CMakeFiles/rp2040-freertos-template.dir/home/linux/pico/pico-sdk/src/rp2_common/hardware_claim/claim.c.obj
                0x00000000100004e8                hw_claim_or_assert
 *fill*         0x000000001000051a        0x2 
 .text.spin_locks_reset
                0x000000001000051c       0x20 CMakeFiles/rp2040-freertos-template.dir/home/linux/pico/pico-sdk/src/rp2_common/hardware_sync/sync.c.obj
                0x000000001000051c                spin_locks_reset
 .text.next_striped_spin_lock_num
                0x000000001000053c       0x1c CMakeFiles/rp2040-freertos-template.dir/home/linux/pico/pico-sdk/src/rp2_common/hardware_sync/sync.c.obj
                0x000000001000053c                next_striped_spin_lock_num
 .text.set_raw_irq_handler_and_unlock
                0x0000000010000558       0x28 CMakeFiles/rp2040-freertos-template.dir/home/linux/pico/pico-sdk/src/rp2_common/hardware_irq/irq.c.obj
 .text.make_branch
                0x0000000010000580       0x48 CMakeFiles/rp2040-freertos-template.dir/home/linux/pico/pico-sdk/src/rp2_common/hardware_irq/irq.c.obj
 .text.insert_branch_and_link
                0x00000000100005c8       0x40 CMakeFiles/rp2040-freertos-template.dir/home/linux/pico/pico-sdk/src/rp2_common/hardware_irq/irq.c.obj
 .text.irq_is_enabled
                0x0000000010000608       0x18 CMakeFiles/rp2040-freertos-template.dir/home/linux/pico/pico-sdk/src/rp2_common/hardware_irq/irq.c.obj
                0x0000000010000608                irq_is_enabled
 .text.irq_set_mask_enabled
                0x0000000010000620       0x20 CMakeFiles/rp2040-freertos-template.dir/home/linux/pico/pico-sdk/src/rp2_common/hardware_irq/irq.c.obj
                0x0000000010000620                irq_set_mask_enabled
 .text.irq_set_enabled
                0x0000000010000640        0xe CMakeFiles/rp2040-freertos-template.dir/home/linux/pico/pico-sdk/src/rp2_common/hardware_irq/irq.c.obj
                0x0000000010000640                irq_set_enabled
 *fill*         0x000000001000064e        0x2 
 .text.irq_get_vtable_handler
                0x0000000010000650       0x10 CMakeFiles/rp2040-freertos-template.dir/home/linux/pico/pico-sdk/src/rp2_common/hardware_irq/irq.c.obj
                0x0000000010000650                irq_get_vtable_handler
 .text.irq_set_exclusive_handler
                0x0000000010000660       0x54 CMakeFiles/rp2040-freertos-template.dir/home/linux/pico/pico-sdk/src/rp2_common/hardware_irq/irq.c.obj
                0x0000000010000660                irq_set_exclusive_handler
 .text.irq_remove_handler
                0x00000000100006b4      0x1ac CMakeFiles/rp2040-freertos-template.dir/home/linux/pico/pico-sdk/src/rp2_common/hardware_irq/irq.c.obj
                0x00000000100006b4                irq_remove_handler
 .text.irq_set_priority
                0x0000000010000860       0x28 CMakeFiles/rp2040-freertos-template.dir/home/linux/pico/pico-sdk/src/rp2_common/hardware_irq/irq.c.obj
                0x0000000010000860                irq_set_priority
 .text.irq_add_tail_to_free_list
                0x0000000010000888       0xf0 CMakeFiles/rp2040-freertos-template.dir/home/linux/pico/pico-sdk/src/rp2_common/hardware_irq/irq.c.obj
                0x0000000010000888                irq_add_tail_to_free_list
 .text.irq_init_priorities
                0x0000000010000978       0x1c CMakeFiles/rp2040-freertos-template.dir/home/linux/pico/pico-sdk/src/rp2_common/hardware_irq/irq.c.obj
                0x0000000010000978                irq_init_priorities
 .text.lock_init
                0x0000000010000994       0x10 CMakeFiles/rp2040-freertos-template.dir/home/linux/pico/pico-sdk/src/common/pico_sync/lock_core.c.obj
                0x0000000010000994                lock_init
 .text.mutex_init
                0x00000000100009a4       0x1c CMakeFiles/rp2040-freertos-template.dir/home/linux/pico/pico-sdk/src/common/pico_sync/mutex.c.obj
                0x00000000100009a4                mutex_init
 .text.recursive_mutex_init
                0x00000000100009c0       0x20 CMakeFiles/rp2040-freertos-template.dir/home/linux/pico/pico-sdk/src/common/pico_sync/mutex.c.obj
                0x00000000100009c0                recursive_mutex_init
 .text.alarm_pool_post_alloc_init
                0x00000000100009e0       0x40 CMakeFiles/rp2040-freertos-template.dir/home/linux/pico/pico-sdk/src/common/pico_time/time.c.obj
 .text.sleep_until_callback
                0x0000000010000a20       0x28 CMakeFiles/rp2040-freertos-template.dir/home/linux/pico/pico-sdk/src/common/pico_time/time.c.obj
 .text.timer_pool_entry_comparator
                0x0000000010000a48       0x7c CMakeFiles/rp2040-freertos-template.dir/home/linux/pico/pico-sdk/src/common/pico_time/time.c.obj
                0x0000000010000a48                timer_pool_entry_comparator
 .text.ph_add_child_node
                0x0000000010000ac4       0xa4 CMakeFiles/rp2040-freertos-template.dir/home/linux/pico/pico-sdk/src/common/pico_time/time.c.obj
 .text.ph_merge_nodes
                0x0000000010000b68       0x3e CMakeFiles/rp2040-freertos-template.dir/home/linux/pico/pico-sdk/src/common/pico_time/time.c.obj
 *fill*         0x0000000010000ba6        0x2 
 .text.add_alarm_under_lock
                0x0000000010000ba8      0x174 CMakeFiles/rp2040-freertos-template.dir/home/linux/pico/pico-sdk/src/common/pico_time/time.c.obj
 .text.alarm_pool_alarm_callback
                0x0000000010000d1c      0x33c CMakeFiles/rp2040-freertos-template.dir/home/linux/pico/pico-sdk/src/common/pico_time/time.c.obj
 .text.alarm_pool_init_default
                0x0000000010001058       0x40 CMakeFiles/rp2040-freertos-template.dir/home/linux/pico/pico-sdk/src/common/pico_time/time.c.obj
                0x0000000010001058                alarm_pool_init_default
 .text.alarm_pool_get_default
                0x0000000010001098       0x2c CMakeFiles/rp2040-freertos-template.dir/home/linux/pico/pico-sdk/src/common/pico_time/time.c.obj
                0x0000000010001098                alarm_pool_get_default
 .text.alarm_pool_add_alarm_at
                0x00000000100010c4      0x168 CMakeFiles/rp2040-freertos-template.dir/home/linux/pico/pico-sdk/src/common/pico_time/time.c.obj
                0x00000000100010c4                alarm_pool_add_alarm_at
 .text.alarm_pool_cancel_alarm
                0x000000001000122c       0xf8 CMakeFiles/rp2040-freertos-template.dir/home/linux/pico/pico-sdk/src/common/pico_time/time.c.obj
                0x000000001000122c                alarm_pool_cancel_alarm
 .text.best_effort_wfe_or_timeout
                0x0000000010001324       0xac CMakeFiles/rp2040-freertos-template.dir/home/linux/pico/pico-sdk/src/common/pico_time/time.c.obj
                0x0000000010001324                best_effort_wfe_or_timeout
 .text.hardware_alarm_irq_handler
                0x00000000100013d0       0x90 CMakeFiles/rp2040-freertos-template.dir/home/linux/pico/pico-sdk/src/rp2_common/hardware_timer/timer.c.obj
 .text.hardware_alarm_claim
                0x0000000010001460       0x18 CMakeFiles/rp2040-freertos-template.dir/home/linux/pico/pico-sdk/src/rp2_common/hardware_timer/timer.c.obj
                0x0000000010001460                hardware_alarm_claim
 .text.time_us_64
                0x0000000010001478       0x18 CMakeFiles/rp2040-freertos-template.dir/home/linux/pico/pico-sdk/src/rp2_common/hardware_timer/timer.c.obj
                0x0000000010001478                time_us_64
 .text.busy_wait_until
                0x0000000010001490       0x24 CMakeFiles/rp2040-freertos-template.dir/home/linux/pico/pico-sdk/src/rp2_common/hardware_timer/timer.c.obj
                0x0000000010001490                busy_wait_until
 .text.busy_wait_us
                0x00000000100014b4       0x48 CMakeFiles/rp2040-freertos-template.dir/home/linux/pico/pico-sdk/src/rp2_common/hardware_timer/timer.c.obj
                0x00000000100014b4                busy_wait_us
 .text.hardware_alarm_set_callback
                0x00000000100014fc       0x90 CMakeFiles/rp2040-freertos-template.dir/home/linux/pico/pico-sdk/src/rp2_common/hardware_timer/timer.c.obj
                0x00000000100014fc                hardware_alarm_set_callback
 .text.hardware_alarm_set_target
                0x000000001000158c       0xe8 CMakeFiles/rp2040-freertos-template.dir/home/linux/pico/pico-sdk/src/rp2_common/hardware_timer/timer.c.obj
                0x000000001000158c                hardware_alarm_set_target
 .text.hardware_alarm_cancel
                0x0000000010001674       0x40 CMakeFiles/rp2040-freertos-template.dir/home/linux/pico/pico-sdk/src/rp2_common/hardware_timer/timer.c.obj
                0x0000000010001674                hardware_alarm_cancel
 .text.ph_add_child_node
                0x00000000100016b4       0xa4 CMakeFiles/rp2040-freertos-template.dir/home/linux/pico/pico-sdk/src/common/pico_util/pheap.c.obj
 .text.ph_merge_nodes
                0x0000000010001758       0x3e CMakeFiles/rp2040-freertos-template.dir/home/linux/pico/pico-sdk/src/common/pico_util/pheap.c.obj
 *fill*         0x0000000010001796        0x2 
 .text.ph_clear
                0x0000000010001798       0x70 CMakeFiles/rp2040-freertos-template.dir/home/linux/pico/pico-sdk/src/common/pico_util/pheap.c.obj
                0x0000000010001798                ph_clear
 .text.ph_post_alloc_init
                0x0000000010001808        0xe CMakeFiles/rp2040-freertos-template.dir/home/linux/pico/pico-sdk/src/common/pico_util/pheap.c.obj
                0x0000000010001808                ph_post_alloc_init
 *fill*         0x0000000010001816        0x2 
 .text.ph_merge_two_pass
                0x0000000010001818       0xa8 CMakeFiles/rp2040-freertos-template.dir/home/linux/pico/pico-sdk/src/common/pico_util/pheap.c.obj
                0x0000000010001818                ph_merge_two_pass
 .text.ph_remove_any_head
                0x00000000100018c0      0x128 CMakeFiles/rp2040-freertos-template.dir/home/linux/pico/pico-sdk/src/common/pico_util/pheap.c.obj
 .text.ph_remove_head
                0x00000000100019e8       0x14 CMakeFiles/rp2040-freertos-template.dir/home/linux/pico/pico-sdk/src/common/pico_util/pheap.c.obj
                0x00000000100019e8                ph_remove_head
 .text.ph_remove_and_free_node
                0x00000000100019fc       0xf8 CMakeFiles/rp2040-freertos-template.dir/home/linux/pico/pico-sdk/src/common/pico_util/pheap.c.obj
                0x00000000100019fc                ph_remove_and_free_node
 .text.uart_disable_before_lcr_write
                0x0000000010001af4       0x48 CMakeFiles/rp2040-freertos-template.dir/home/linux/pico/pico-sdk/src/rp2_common/hardware_uart/uart.c.obj
 .text.uart_write_lcr_bits_masked
                0x0000000010001b3c       0x22 CMakeFiles/rp2040-freertos-template.dir/home/linux/pico/pico-sdk/src/rp2_common/hardware_uart/uart.c.obj
 *fill*         0x0000000010001b5e        0x2 
 .text.uart_set_baudrate
                0x0000000010001b60       0x5c CMakeFiles/rp2040-freertos-template.dir/home/linux/pico/pico-sdk/src/rp2_common/hardware_uart/uart.c.obj
                0x0000000010001b60                uart_set_baudrate
 .text.uart_set_format
                0x0000000010001bbc       0x2c CMakeFiles/rp2040-freertos-template.dir/home/linux/pico/pico-sdk/src/rp2_common/hardware_uart/uart.c.obj
                0x0000000010001bbc                uart_set_format
 .text.uart_set_translate_crlf
                0x0000000010001be8       0x28 CMakeFiles/rp2040-freertos-template.dir/home/linux/pico/pico-sdk/src/rp2_common/hardware_uart/uart.c.obj
                0x0000000010001be8                uart_set_translate_crlf
 .text.uart_init
                0x0000000010001c10       0x80 CMakeFiles/rp2040-freertos-template.dir/home/linux/pico/pico-sdk/src/rp2_common/hardware_uart/uart.c.obj
                0x0000000010001c10                uart_init
 .text.clock_configure
                0x0000000010001c90      0x108 CMakeFiles/rp2040-freertos-template.dir/home/linux/pico/pico-sdk/src/rp2_common/hardware_clocks/clocks.c.obj
                0x0000000010001c90                clock_configure
 .text.clocks_init
                0x0000000010001d98      0x100 CMakeFiles/rp2040-freertos-template.dir/home/linux/pico/pico-sdk/src/rp2_common/hardware_clocks/clocks.c.obj
                0x0000000010001d98                clocks_init
 .text.clock_get_hz
                0x0000000010001e98        0xc CMakeFiles/rp2040-freertos-template.dir/home/linux/pico/pico-sdk/src/rp2_common/hardware_clocks/clocks.c.obj
                0x0000000010001e98                clock_get_hz
 .text.pll_init
                0x0000000010001ea4      0x124 CMakeFiles/rp2040-freertos-template.dir/home/linux/pico/pico-sdk/src/rp2_common/hardware_pll/pll.c.obj
                0x0000000010001ea4                pll_init
 .text.watchdog_start_tick
                0x0000000010001fc8       0x10 CMakeFiles/rp2040-freertos-template.dir/home/linux/pico/pico-sdk/src/rp2_common/hardware_watchdog/watchdog.c.obj
                0x0000000010001fc8                watchdog_start_tick
 .text.xosc_init
                0x0000000010001fd8       0x28 CMakeFiles/rp2040-freertos-template.dir/home/linux/pico/pico-sdk/src/rp2_common/hardware_xosc/xosc.c.obj
                0x0000000010001fd8                xosc_init
 .text._exit    0x0000000010002000        0x4 CMakeFiles/rp2040-freertos-template.dir/home/linux/pico/pico-sdk/src/rp2_common/pico_runtime/runtime.c.obj
                0x0000000010002000                _exit
 .text.exit     0x0000000010002004        0x6 CMakeFiles/rp2040-freertos-template.dir/home/linux/pico/pico-sdk/src/rp2_common/pico_runtime/runtime.c.obj
                0x0000000010002004                exit
 *fill*         0x000000001000200a        0x2 
 .text.__assert_func
                0x000000001000200c       0x3c CMakeFiles/rp2040-freertos-template.dir/home/linux/pico/pico-sdk/src/rp2_common/pico_runtime/runtime.c.obj
                0x000000001000200c                __assert_func
 .text.runtime_init
                0x0000000010002048       0xf8 CMakeFiles/rp2040-freertos-template.dir/home/linux/pico/pico-sdk/src/rp2_common/pico_runtime/runtime.c.obj
                0x0000000010002048                runtime_init
 .text.panic    0x0000000010002140       0x30 CMakeFiles/rp2040-freertos-template.dir/home/linux/pico/pico-sdk/src/rp2_common/pico_runtime/runtime.c.obj
                0x0000000010002140                panic
 .text.panic_unsupported
                0x0000000010002170        0xc CMakeFiles/rp2040-freertos-template.dir/home/linux/pico/pico-sdk/src/rp2_common/pico_runtime/runtime.c.obj
                0x0000000010002170                panic_unsupported
 .text._out_null
                0x000000001000217c        0x2 CMakeFiles/rp2040-freertos-template.dir/home/linux/pico/pico-sdk/src/rp2_common/pico_printf/printf.c.obj
 .text._out_fct
                0x000000001000217e        0xe CMakeFiles/rp2040-freertos-template.dir/home/linux/pico/pico-sdk/src/rp2_common/pico_printf/printf.c.obj
 .text._atoi    0x000000001000218c       0x24 CMakeFiles/rp2040-freertos-template.dir/home/linux/pico/pico-sdk/src/rp2_common/pico_printf/printf.c.obj
 .text._out_rev
                0x00000000100021b0       0xae CMakeFiles/rp2040-freertos-template.dir/home/linux/pico/pico-sdk/src/rp2_common/pico_printf/printf.c.obj
 .text._ntoa_format
                0x000000001000225e      0x110 CMakeFiles/rp2040-freertos-template.dir/home/linux/pico/pico-sdk/src/rp2_common/pico_printf/printf.c.obj
 .text._ntoa_long
                0x000000001000236e       0xbc CMakeFiles/rp2040-freertos-template.dir/home/linux/pico/pico-sdk/src/rp2_common/pico_printf/printf.c.obj
 .text._ntoa_long_long
                0x000000001000242a       0xe2 CMakeFiles/rp2040-freertos-template.dir/home/linux/pico/pico-sdk/src/rp2_common/pico_printf/printf.c.obj
 .text._etoa    0x000000001000250c      0x40c CMakeFiles/rp2040-freertos-template.dir/home/linux/pico/pico-sdk/src/rp2_common/pico_printf/printf.c.obj
 .text._ftoa    0x0000000010002918      0x354 CMakeFiles/rp2040-freertos-template.dir/home/linux/pico/pico-sdk/src/rp2_common/pico_printf/printf.c.obj
 .text._vsnprintf
                0x0000000010002c6c      0x628 CMakeFiles/rp2040-freertos-template.dir/home/linux/pico/pico-sdk/src/rp2_common/pico_printf/printf.c.obj
 .text.vfctprintf
                0x0000000010003294       0x20 CMakeFiles/rp2040-freertos-template.dir/home/linux/pico/pico-sdk/src/rp2_common/pico_printf/printf.c.obj
                0x0000000010003294                vfctprintf
 .text          0x00000000100032b4       0x10 CMakeFiles/rp2040-freertos-template.dir/home/linux/pico/pico-sdk/src/rp2_common/pico_bit_ops/bit_ops_aeabi.S.obj
 .text.rom_func_lookup
                0x00000000100032c4       0x10 CMakeFiles/rp2040-freertos-template.dir/home/linux/pico/pico-sdk/src/rp2_common/pico_bootrom/bootrom.c.obj
                0x00000000100032c4                rom_func_lookup
 .text.rom_data_lookup
                0x00000000100032d4       0x10 CMakeFiles/rp2040-freertos-template.dir/home/linux/pico/pico-sdk/src/rp2_common/pico_bootrom/bootrom.c.obj
                0x00000000100032d4                rom_data_lookup
 .text.rom_funcs_lookup
                0x00000000100032e4       0x36 CMakeFiles/rp2040-freertos-template.dir/home/linux/pico/pico-sdk/src/rp2_common/pico_bootrom/bootrom.c.obj
                0x00000000100032e4                rom_funcs_lookup
 *fill*         0x000000001000331a        0x2 
 .text.__wrap___aeabi_idiv
                0x000000001000331c       0x50 CMakeFiles/rp2040-freertos-template.dir/home/linux/pico/pico-sdk/src/rp2_common/pico_divider/divider.S.obj
                0x000000001000331c                __wrap___aeabi_idivmod
                0x000000001000331c                divmod_s32s32
                0x000000001000331c                div_s32s32
                0x000000001000331c                __wrap___aeabi_idiv
                0x0000000010003324                divmod_s32s32_unsafe
                0x0000000010003350                divmod_s32s32_savestate
 .text.__wrap___aeabi_uidiv
                0x000000001000336c       0x4c CMakeFiles/rp2040-freertos-template.dir/home/linux/pico/pico-sdk/src/rp2_common/pico_divider/divider.S.obj
                0x000000001000336c                __wrap___aeabi_uidiv
                0x000000001000336c                __wrap___aeabi_uidivmod
                0x000000001000336c                div_u32u32
                0x000000001000336c                divmod_u32u32
                0x0000000010003374                divmod_u32u32_unsafe
                0x000000001000339c                divmod_u32u32_savestate
 .text.__wrap___aeabi_ldiv
                0x00000000100033b8      0x424 CMakeFiles/rp2040-freertos-template.dir/home/linux/pico/pico-sdk/src/rp2_common/pico_divider/divider.S.obj
                0x00000000100033b8                div_s64s64
                0x00000000100033b8                divmod_s64s64
                0x00000000100033b8                __wrap___aeabi_ldivmod
                0x00000000100033e8                div_u64u64
                0x00000000100033e8                divmod_u64u64
                0x00000000100033e8                __wrap___aeabi_uldivmod
                0x00000000100033f8                divmod_u64u64_savestate
                0x0000000010003418                divmod_s64s64_unsafe
                0x00000000100034a0                divmod_u64u64_unsafe
 .text.__wrap___aeabi_darithmetic
                0x00000000100037dc       0x80 CMakeFiles/rp2040-freertos-template.dir/home/linux/pico/pico-sdk/src/rp2_common/pico_double/double_aeabi.S.obj
                0x00000000100037dc                __wrap___aeabi_drsub
                0x00000000100037e2                __wrap___aeabi_dsub
                0x00000000100037f4                __wrap___aeabi_dadd
                0x0000000010003806                __wrap___aeabi_ddiv
                0x0000000010003842                __wrap___aeabi_dmul
 .text.__wrap___aeabi_cdcmple
                0x000000001000385c       0x6c CMakeFiles/rp2040-freertos-template.dir/home/linux/pico/pico-sdk/src/rp2_common/pico_double/double_aeabi.S.obj
                0x000000001000385c                __wrap___aeabi_cdrcmple
                0x000000001000386c                __wrap___aeabi_cdcmple
                0x000000001000386c                __wrap___aeabi_cdcmpeq
 .text.__wrap___aeabi_dcmplt
                0x00000000100038c8        0xc CMakeFiles/rp2040-freertos-template.dir/home/linux/pico/pico-sdk/src/rp2_common/pico_double/double_aeabi.S.obj
                0x00000000100038c8                __wrap___aeabi_dcmplt
 .text.__wrap___aeabi_dcmple
                0x00000000100038d4       0x10 CMakeFiles/rp2040-freertos-template.dir/home/linux/pico/pico-sdk/src/rp2_common/pico_double/double_aeabi.S.obj
                0x00000000100038d4                __wrap___aeabi_dcmple
 .text.__wrap___aeabi_dcmpge
                0x00000000100038e4       0x10 CMakeFiles/rp2040-freertos-template.dir/home/linux/pico/pico-sdk/src/rp2_common/pico_double/double_aeabi.S.obj
                0x00000000100038e4                __wrap___aeabi_dcmpge
 .text.__wrap___aeabi_dcmpgt
                0x00000000100038f4        0xa CMakeFiles/rp2040-freertos-template.dir/home/linux/pico/pico-sdk/src/rp2_common/pico_double/double_aeabi.S.obj
                0x00000000100038f4                __wrap___aeabi_dcmpgt
 .text.__wrap___aeabi_dcmpun
                0x00000000100038fe       0x1c CMakeFiles/rp2040-freertos-template.dir/home/linux/pico/pico-sdk/src/rp2_common/pico_double/double_aeabi.S.obj
                0x00000000100038fe                __wrap___aeabi_dcmpun
 *fill*         0x000000001000391a        0x2 
 .text.__wrap___aeabi_i2d
                0x000000001000391c       0x38 CMakeFiles/rp2040-freertos-template.dir/home/linux/pico/pico-sdk/src/rp2_common/pico_double/double_aeabi.S.obj
                0x000000001000391c                __wrap___aeabi_ui2d
                0x0000000010003924                __wrap___aeabi_i2d
 .text.__wrap___aeabi_d2iz
                0x0000000010003954       0x48 CMakeFiles/rp2040-freertos-template.dir/home/linux/pico/pico-sdk/src/rp2_common/pico_double/double_aeabi.S.obj
                0x0000000010003954                __wrap___aeabi_d2iz
                0x0000000010003954                double2int_z
 .text.__wrap___aeabi_d2uiz
                0x000000001000399c       0x18 CMakeFiles/rp2040-freertos-template.dir/home/linux/pico/pico-sdk/src/rp2_common/pico_double/double_aeabi.S.obj
                0x000000001000399c                double2uint
                0x000000001000399c                __wrap___aeabi_d2uiz
 .text.__aeabi_double_init
                0x00000000100039b4       0xc8 CMakeFiles/rp2040-freertos-template.dir/home/linux/pico/pico-sdk/src/rp2_common/pico_double/double_init_rom.c.obj
                0x00000000100039b4                __aeabi_double_init
 .text.double_table_shim_on_use_helper
                0x0000000010003a7c       0x34 CMakeFiles/rp2040-freertos-template.dir/home/linux/pico/pico-sdk/src/rp2_common/pico_double/double_v1_rom_shim.S.obj
                0x0000000010003a7c                double_table_shim_on_use_helper
 .text.__wrap___aeabi_dsub
                0x0000000010003ab0       0x10 CMakeFiles/rp2040-freertos-template.dir/home/linux/pico/pico-sdk/src/rp2_common/pico_double/double_v1_rom_shim.S.obj
                0x0000000010003ab0                drsub_shim
                0x0000000010003ab6                dsub_shim
 .text.dadd_shim
                0x0000000010003ac0      0x15c CMakeFiles/rp2040-freertos-template.dir/home/linux/pico/pico-sdk/src/rp2_common/pico_double/double_v1_rom_shim.S.obj
                0x0000000010003ac0                dadd_shim
 .text.dmul_shim
                0x0000000010003c1c      0x15c CMakeFiles/rp2040-freertos-template.dir/home/linux/pico/pico-sdk/src/rp2_common/pico_double/double_v1_rom_shim.S.obj
                0x0000000010003c1c                dmul_shim
 .text.ddiv_shim
                0x0000000010003d78      0x1b0 CMakeFiles/rp2040-freertos-template.dir/home/linux/pico/pico-sdk/src/rp2_common/pico_double/double_v1_rom_shim.S.obj
                0x0000000010003d78                ddiv_shim
 .text.double2uint_shim
                0x0000000010003f28        0xe CMakeFiles/rp2040-freertos-template.dir/home/linux/pico/pico-sdk/src/rp2_common/pico_double/double_v1_rom_shim.S.obj
                0x0000000010003f28                double2uint_shim
                0x0000000010003f2a                double2ufix_shim
 *fill*         0x0000000010003f36        0x2 
 .text.double2uint64_shim
                0x0000000010003f38       0x70 CMakeFiles/rp2040-freertos-template.dir/home/linux/pico/pico-sdk/src/rp2_common/pico_double/double_v1_rom_shim.S.obj
                0x0000000010003f38                double2uint64_shim
                0x0000000010003f3a                double2ufix64_shim
                0x0000000010003f5a                d2fix_a
 .text.dunpacks
                0x0000000010003fa8       0x3c CMakeFiles/rp2040-freertos-template.dir/home/linux/pico/pico-sdk/src/rp2_common/pico_double/double_v1_rom_shim.S.obj
                0x0000000010003fa8                dunpacks
 .text.__aeabi_float_init
                0x0000000010003fe4       0xfc CMakeFiles/rp2040-freertos-template.dir/home/linux/pico/pico-sdk/src/rp2_common/pico_float/float_init_rom.c.obj
                0x0000000010003fe4                __aeabi_float_init
 .text.float_table_shim_on_use_helper
                0x00000000100040e0       0x34 CMakeFiles/rp2040-freertos-template.dir/home/linux/pico/pico-sdk/src/rp2_common/pico_float/float_v1_rom_shim.S.obj
                0x00000000100040e0                float_table_shim_on_use_helper
 .text          0x0000000010004114       0x10 CMakeFiles/rp2040-freertos-template.dir/home/linux/pico/pico-sdk/src/rp2_common/pico_mem_ops/mem_ops_aeabi.S.obj
                0x0000000010004114                __aeabi_mem_init
 .text.memset   0x0000000010004124        0xc CMakeFiles/rp2040-freertos-template.dir/home/linux/pico/pico-sdk/src/rp2_common/pico_mem_ops/mem_ops_aeabi.S.obj
                0x0000000010004124                __wrap_memset
 .text.memcpy   0x0000000010004130        0xc CMakeFiles/rp2040-freertos-template.dir/home/linux/pico/pico-sdk/src/rp2_common/pico_mem_ops/mem_ops_aeabi.S.obj
                0x0000000010004130                __wrap___aeabi_memcpy
                0x0000000010004130                __wrap_memcpy
 .text.stdio_out_chars_no_crlf
                0x000000001000413c        0xe CMakeFiles/rp2040-freertos-template.dir/home/linux/pico/pico-sdk/src/rp2_common/pico_stdio/stdio.c.obj
 *fill*         0x000000001000414a        0x2 
 .text.stdio_out_chars_crlf
                0x000000001000414c       0x80 CMakeFiles/rp2040-freertos-template.dir/home/linux/pico/pico-sdk/src/rp2_common/pico_stdio/stdio.c.obj
 .text.stdio_stack_buffer_flush
                0x00000000100041cc       0x44 CMakeFiles/rp2040-freertos-template.dir/home/linux/pico/pico-sdk/src/rp2_common/pico_stdio/stdio.c.obj
 .text.stdio_buffered_printer
                0x0000000010004210       0x20 CMakeFiles/rp2040-freertos-template.dir/home/linux/pico/pico-sdk/src/rp2_common/pico_stdio/stdio.c.obj
 .text.stdout_serialize_begin
                0x0000000010004230       0x5c CMakeFiles/rp2040-freertos-template.dir/home/linux/pico/pico-sdk/src/rp2_common/pico_stdio/stdio.c.obj
                0x0000000010004230                stdout_serialize_begin
 .text.stdout_serialize_end
                0x000000001000428c       0x10 CMakeFiles/rp2040-freertos-template.dir/home/linux/pico/pico-sdk/src/rp2_common/pico_stdio/stdio.c.obj
                0x000000001000428c                stdout_serialize_end
 .text.stdio_put_string
                0x000000001000429c       0x98 CMakeFiles/rp2040-freertos-template.dir/home/linux/pico/pico-sdk/src/rp2_common/pico_stdio/stdio.c.obj
 .text.stdio_set_driver_enabled
                0x0000000010004334       0x2c CMakeFiles/rp2040-freertos-template.dir/home/linux/pico/pico-sdk/src/rp2_common/pico_stdio/stdio.c.obj
                0x0000000010004334                stdio_set_driver_enabled
 .text.stdio_flush
                0x0000000010004360       0x20 CMakeFiles/rp2040-freertos-template.dir/home/linux/pico/pico-sdk/src/rp2_common/pico_stdio/stdio.c.obj
                0x0000000010004360                stdio_flush
 .text.__wrap_puts
                0x0000000010004380       0x1e CMakeFiles/rp2040-freertos-template.dir/home/linux/pico/pico-sdk/src/rp2_common/pico_stdio/stdio.c.obj
                0x0000000010004380                __wrap_puts
 *fill*         0x000000001000439e        0x2 
 .text.__wrap_vprintf
                0x00000000100043a0       0x40 CMakeFiles/rp2040-freertos-template.dir/home/linux/pico/pico-sdk/src/rp2_common/pico_stdio/stdio.c.obj
                0x00000000100043a0                __wrap_vprintf
 .text.__wrap_printf
                0x00000000100043e0       0x18 CMakeFiles/rp2040-freertos-template.dir/home/linux/pico/pico-sdk/src/rp2_common/pico_stdio/stdio.c.obj
                0x00000000100043e0                __wrap_printf
 .text.stdio_init_all
                0x00000000100043f8        0xa CMakeFiles/rp2040-freertos-template.dir/home/linux/pico/pico-sdk/src/rp2_common/pico_stdio/stdio.c.obj
                0x00000000100043f8                stdio_init_all
 *fill*         0x0000000010004402        0x2 
 .text.stdio_uart_out_chars
                0x0000000010004404       0x74 CMakeFiles/rp2040-freertos-template.dir/home/linux/pico/pico-sdk/src/rp2_common/pico_stdio_uart/stdio_uart.c.obj
 .text.stdio_uart_in_chars
                0x0000000010004478       0x7c CMakeFiles/rp2040-freertos-template.dir/home/linux/pico/pico-sdk/src/rp2_common/pico_stdio_uart/stdio_uart.c.obj
                0x0000000010004478                stdio_uart_in_chars
 .text.on_uart_rx
                0x00000000100044f4       0x28 CMakeFiles/rp2040-freertos-template.dir/home/linux/pico/pico-sdk/src/rp2_common/pico_stdio_uart/stdio_uart.c.obj
 .text.stdio_uart_set_chars_available_callback
                0x000000001000451c       0x8c CMakeFiles/rp2040-freertos-template.dir/home/linux/pico/pico-sdk/src/rp2_common/pico_stdio_uart/stdio_uart.c.obj
 .text.stdio_uart_init_full
                0x00000000100045a8       0x44 CMakeFiles/rp2040-freertos-template.dir/home/linux/pico/pico-sdk/src/rp2_common/pico_stdio_uart/stdio_uart.c.obj
                0x00000000100045a8                stdio_uart_init_full
 .text.stdio_uart_init
                0x00000000100045ec       0x28 CMakeFiles/rp2040-freertos-template.dir/home/linux/pico/pico-sdk/src/rp2_common/pico_stdio_uart/stdio_uart.c.obj
                0x00000000100045ec                stdio_uart_init
 .text.prvHeapInit
                0x0000000010004614       0x58 CMakeFiles/rp2040-freertos-template.dir/__/lib/FreeRTOS-Kernel/portable/MemMang/heap_4.c.obj
 .text.prvInsertBlockIntoFreeList
                0x000000001000466c       0x88 CMakeFiles/rp2040-freertos-template.dir/__/lib/FreeRTOS-Kernel/portable/MemMang/heap_4.c.obj
 .text.pvPortMalloc
                0x00000000100046f4      0x188 CMakeFiles/rp2040-freertos-template.dir/__/lib/FreeRTOS-Kernel/portable/MemMang/heap_4.c.obj
                0x00000000100046f4                pvPortMalloc
 .text.vPortFree
                0x000000001000487c       0xa8 CMakeFiles/rp2040-freertos-template.dir/__/lib/FreeRTOS-Kernel/portable/MemMang/heap_4.c.obj
                0x000000001000487c                vPortFree
 .text.vPortSVCHandler
                0x0000000010004924        0x2 CMakeFiles/rp2040-freertos-template.dir/__/lib/FreeRTOS-Kernel/portable/ThirdParty/GCC/RP2040/port.c.obj
                0x0000000010004924                vPortSVCHandler
 *fill*         0x0000000010004926        0xa 
 .text.vPortStartFirstTask
                0x0000000010004930       0x34 CMakeFiles/rp2040-freertos-template.dir/__/lib/FreeRTOS-Kernel/portable/ThirdParty/GCC/RP2040/port.c.obj
 *fill*         0x0000000010004964        0xc 
 .text.xPortPendSVHandler
                0x0000000010004970       0x64 CMakeFiles/rp2040-freertos-template.dir/__/lib/FreeRTOS-Kernel/portable/ThirdParty/GCC/RP2040/port.c.obj
                0x0000000010004970                xPortPendSVHandler
 .text.prvTaskExitError
                0x00000000100049d4        0x6 CMakeFiles/rp2040-freertos-template.dir/__/lib/FreeRTOS-Kernel/portable/ThirdParty/GCC/RP2040/port.c.obj
 *fill*         0x00000000100049da        0x2 
 .text.prvFIFOInterruptHandler
                0x00000000100049dc       0x78 CMakeFiles/rp2040-freertos-template.dir/__/lib/FreeRTOS-Kernel/portable/ThirdParty/GCC/RP2040/port.c.obj
 .text.prvGetTicksToWaitBefore
                0x0000000010004a54       0x58 CMakeFiles/rp2040-freertos-template.dir/__/lib/FreeRTOS-Kernel/portable/ThirdParty/GCC/RP2040/port.c.obj
 .text.pxPortInitialiseStack
                0x0000000010004aac       0x20 CMakeFiles/rp2040-freertos-template.dir/__/lib/FreeRTOS-Kernel/portable/ThirdParty/GCC/RP2040/port.c.obj
                0x0000000010004aac                pxPortInitialiseStack
 .text.vPortYield
                0x0000000010004acc       0x40 CMakeFiles/rp2040-freertos-template.dir/__/lib/FreeRTOS-Kernel/portable/ThirdParty/GCC/RP2040/port.c.obj
                0x0000000010004acc                vPortYield
 .text.vPortEnterCritical
                0x0000000010004b0c       0x18 CMakeFiles/rp2040-freertos-template.dir/__/lib/FreeRTOS-Kernel/portable/ThirdParty/GCC/RP2040/port.c.obj
                0x0000000010004b0c                vPortEnterCritical
 .text.vPortEnableInterrupts
                0x0000000010004b24       0x28 CMakeFiles/rp2040-freertos-template.dir/__/lib/FreeRTOS-Kernel/portable/ThirdParty/GCC/RP2040/port.c.obj
                0x0000000010004b24                vPortEnableInterrupts
 .text.vPortExitCritical
                0x0000000010004b4c       0x3c CMakeFiles/rp2040-freertos-template.dir/__/lib/FreeRTOS-Kernel/portable/ThirdParty/GCC/RP2040/port.c.obj
                0x0000000010004b4c                vPortExitCritical
 .text.ulSetInterruptMaskFromISR
                0x0000000010004b88        0x8 CMakeFiles/rp2040-freertos-template.dir/__/lib/FreeRTOS-Kernel/portable/ThirdParty/GCC/RP2040/port.c.obj
                0x0000000010004b88                ulSetInterruptMaskFromISR
 .text.vClearInterruptMaskFromISR
                0x0000000010004b90        0x6 CMakeFiles/rp2040-freertos-template.dir/__/lib/FreeRTOS-Kernel/portable/ThirdParty/GCC/RP2040/port.c.obj
                0x0000000010004b90                vClearInterruptMaskFromISR
 *fill*         0x0000000010004b96        0x2 
 .text.xPortSysTickHandler
                0x0000000010004b98       0x24 CMakeFiles/rp2040-freertos-template.dir/__/lib/FreeRTOS-Kernel/portable/ThirdParty/GCC/RP2040/port.c.obj
                0x0000000010004b98                xPortSysTickHandler
 .text.vPortSetupTimerInterrupt
                0x0000000010004bbc       0x34 CMakeFiles/rp2040-freertos-template.dir/__/lib/FreeRTOS-Kernel/portable/ThirdParty/GCC/RP2040/port.c.obj
                0x0000000010004bbc                vPortSetupTimerInterrupt
 .text.xPortStartScheduler
                0x0000000010004bf0       0xa8 CMakeFiles/rp2040-freertos-template.dir/__/lib/FreeRTOS-Kernel/portable/ThirdParty/GCC/RP2040/port.c.obj
                0x0000000010004bf0                xPortStartScheduler
 .text.ulPortLockGetCurrentOwnerId
                0x0000000010004c98       0x2c CMakeFiles/rp2040-freertos-template.dir/__/lib/FreeRTOS-Kernel/portable/ThirdParty/GCC/RP2040/port.c.obj
                0x0000000010004c98                ulPortLockGetCurrentOwnerId
 .text.vPortLockInternalSpinUnlockWithNotify
                0x0000000010004cc4       0xd0 CMakeFiles/rp2040-freertos-template.dir/__/lib/FreeRTOS-Kernel/portable/ThirdParty/GCC/RP2040/port.c.obj
                0x0000000010004cc4                vPortLockInternalSpinUnlockWithNotify
 .text.xPortLockInternalSpinUnlockWithBestEffortWaitOrTimeout
                0x0000000010004d94      0x120 CMakeFiles/rp2040-freertos-template.dir/__/lib/FreeRTOS-Kernel/portable/ThirdParty/GCC/RP2040/port.c.obj
                0x0000000010004d94                xPortLockInternalSpinUnlockWithBestEffortWaitOrTimeout
 .text.prvRuntimeInitializer
                0x0000000010004eb4       0x28 CMakeFiles/rp2040-freertos-template.dir/__/lib/FreeRTOS-Kernel/portable/ThirdParty/GCC/RP2040/port.c.obj
 .text.prvTestWaitCondition
                0x0000000010004edc       0x1e CMakeFiles/rp2040-freertos-template.dir/__/lib/FreeRTOS-Kernel/event_groups.c.obj
 .text.xEventGroupCreate
                0x0000000010004efa       0x18 CMakeFiles/rp2040-freertos-template.dir/__/lib/FreeRTOS-Kernel/event_groups.c.obj
                0x0000000010004efa                xEventGroupCreate
 *fill*         0x0000000010004f12        0x2 
 .text.xEventGroupWaitBits
                0x0000000010004f14      0x124 CMakeFiles/rp2040-freertos-template.dir/__/lib/FreeRTOS-Kernel/event_groups.c.obj
                0x0000000010004f14                xEventGroupWaitBits
 .text.xEventGroupSetBits
                0x0000000010005038       0x98 CMakeFiles/rp2040-freertos-template.dir/__/lib/FreeRTOS-Kernel/event_groups.c.obj
                0x0000000010005038                xEventGroupSetBits
 .text.vEventGroupSetBitsCallback
                0x00000000100050d0        0x8 CMakeFiles/rp2040-freertos-template.dir/__/lib/FreeRTOS-Kernel/event_groups.c.obj
                0x00000000100050d0                vEventGroupSetBitsCallback
 .text.xEventGroupSetBitsFromISR
                0x00000000100050d8       0x14 CMakeFiles/rp2040-freertos-template.dir/__/lib/FreeRTOS-Kernel/event_groups.c.obj
                0x00000000100050d8                xEventGroupSetBitsFromISR
 .text.vListInitialise
                0x00000000100050ec       0x16 CMakeFiles/rp2040-freertos-template.dir/__/lib/FreeRTOS-Kernel/list.c.obj
                0x00000000100050ec                vListInitialise
 .text.vListInitialiseItem
                0x0000000010005102        0x6 CMakeFiles/rp2040-freertos-template.dir/__/lib/FreeRTOS-Kernel/list.c.obj
                0x0000000010005102                vListInitialiseItem
 .text.vListInsert
                0x0000000010005108       0x2e CMakeFiles/rp2040-freertos-template.dir/__/lib/FreeRTOS-Kernel/list.c.obj
                0x0000000010005108                vListInsert
 .text.uxListRemove
                0x0000000010005136       0x26 CMakeFiles/rp2040-freertos-template.dir/__/lib/FreeRTOS-Kernel/list.c.obj
                0x0000000010005136                uxListRemove
 .text.prvIsQueueFull
                0x000000001000515c       0x1e CMakeFiles/rp2040-freertos-template.dir/__/lib/FreeRTOS-Kernel/queue.c.obj
 .text.prvIsQueueEmpty
                0x000000001000517a       0x1c CMakeFiles/rp2040-freertos-template.dir/__/lib/FreeRTOS-Kernel/queue.c.obj
 .text.prvCopyDataToQueue
                0x0000000010005196       0x82 CMakeFiles/rp2040-freertos-template.dir/__/lib/FreeRTOS-Kernel/queue.c.obj
 .text.prvCopyDataFromQueue
                0x0000000010005218       0x24 CMakeFiles/rp2040-freertos-template.dir/__/lib/FreeRTOS-Kernel/queue.c.obj
 .text.prvNotifyQueueSetContainer
                0x000000001000523c       0xa8 CMakeFiles/rp2040-freertos-template.dir/__/lib/FreeRTOS-Kernel/queue.c.obj
 .text.prvUnlockQueue
                0x00000000100052e4       0x88 CMakeFiles/rp2040-freertos-template.dir/__/lib/FreeRTOS-Kernel/queue.c.obj
 .text.xQueueGenericReset
                0x000000001000536c       0xd8 CMakeFiles/rp2040-freertos-template.dir/__/lib/FreeRTOS-Kernel/queue.c.obj
                0x000000001000536c                xQueueGenericReset
 .text.prvInitialiseNewQueue
                0x0000000010005444       0x26 CMakeFiles/rp2040-freertos-template.dir/__/lib/FreeRTOS-Kernel/queue.c.obj
 *fill*         0x000000001000546a        0x2 
 .text.xQueueGenericCreate
                0x000000001000546c       0x90 CMakeFiles/rp2040-freertos-template.dir/__/lib/FreeRTOS-Kernel/queue.c.obj
                0x000000001000546c                xQueueGenericCreate
 .text.xQueueGenericSend
                0x00000000100054fc      0x190 CMakeFiles/rp2040-freertos-template.dir/__/lib/FreeRTOS-Kernel/queue.c.obj
                0x00000000100054fc                xQueueGenericSend
 .text.xQueueGenericSendFromISR
                0x000000001000568c      0x13c CMakeFiles/rp2040-freertos-template.dir/__/lib/FreeRTOS-Kernel/queue.c.obj
                0x000000001000568c                xQueueGenericSendFromISR
 .text.xQueueReceive
                0x00000000100057c8      0x14c CMakeFiles/rp2040-freertos-template.dir/__/lib/FreeRTOS-Kernel/queue.c.obj
                0x00000000100057c8                xQueueReceive
 .text.vQueueAddToRegistry
                0x0000000010005914       0x64 CMakeFiles/rp2040-freertos-template.dir/__/lib/FreeRTOS-Kernel/queue.c.obj
                0x0000000010005914                vQueueAddToRegistry
 .text.vQueueWaitForMessageRestricted
                0x0000000010005978       0x50 CMakeFiles/rp2040-freertos-template.dir/__/lib/FreeRTOS-Kernel/queue.c.obj
                0x0000000010005978                vQueueWaitForMessageRestricted
 .text.prvResetNextTaskUnblockTime
                0x00000000100059c8       0x2c CMakeFiles/rp2040-freertos-template.dir/__/lib/FreeRTOS-Kernel/tasks.c.obj
 .text.prvDeleteTCB
                0x00000000100059f4       0x12 CMakeFiles/rp2040-freertos-template.dir/__/lib/FreeRTOS-Kernel/tasks.c.obj
 *fill*         0x0000000010005a06        0x2 
 .text.prvInitialiseNewTask
                0x0000000010005a08       0xac CMakeFiles/rp2040-freertos-template.dir/__/lib/FreeRTOS-Kernel/tasks.c.obj
 .text.prvInitialiseTaskLists
                0x0000000010005ab4       0x68 CMakeFiles/rp2040-freertos-template.dir/__/lib/FreeRTOS-Kernel/tasks.c.obj
 .text.prvAddNewTaskToReadyList
                0x0000000010005b1c       0xc4 CMakeFiles/rp2040-freertos-template.dir/__/lib/FreeRTOS-Kernel/tasks.c.obj
 .text.prvCheckTasksWaitingTermination
                0x0000000010005be0       0x44 CMakeFiles/rp2040-freertos-template.dir/__/lib/FreeRTOS-Kernel/tasks.c.obj
 .text.prvIdleTask
                0x0000000010005c24       0x18 CMakeFiles/rp2040-freertos-template.dir/__/lib/FreeRTOS-Kernel/tasks.c.obj
 .text.prvAddCurrentTaskToDelayedList
                0x0000000010005c3c       0x9c CMakeFiles/rp2040-freertos-template.dir/__/lib/FreeRTOS-Kernel/tasks.c.obj
 .text.xTaskCreate
                0x0000000010005cd8       0x68 CMakeFiles/rp2040-freertos-template.dir/__/lib/FreeRTOS-Kernel/tasks.c.obj
                0x0000000010005cd8                xTaskCreate
 .text.prvCreateIdleTasks
                0x0000000010005d40       0x28 CMakeFiles/rp2040-freertos-template.dir/__/lib/FreeRTOS-Kernel/tasks.c.obj
 .text.vTaskStartScheduler
                0x0000000010005d68       0x68 CMakeFiles/rp2040-freertos-template.dir/__/lib/FreeRTOS-Kernel/tasks.c.obj
                0x0000000010005d68                vTaskStartScheduler
 .text.vTaskSuspendAll
                0x0000000010005dd0       0x10 CMakeFiles/rp2040-freertos-template.dir/__/lib/FreeRTOS-Kernel/tasks.c.obj
                0x0000000010005dd0                vTaskSuspendAll
 .text.xTaskGetTickCount
                0x0000000010005de0        0xc CMakeFiles/rp2040-freertos-template.dir/__/lib/FreeRTOS-Kernel/tasks.c.obj
                0x0000000010005de0                xTaskGetTickCount
 .text.uxTaskGetNumberOfTasks
                0x0000000010005dec        0xc CMakeFiles/rp2040-freertos-template.dir/__/lib/FreeRTOS-Kernel/tasks.c.obj
                0x0000000010005dec                uxTaskGetNumberOfTasks
 .text.xTaskIncrementTick
                0x0000000010005df8      0x180 CMakeFiles/rp2040-freertos-template.dir/__/lib/FreeRTOS-Kernel/tasks.c.obj
                0x0000000010005df8                xTaskIncrementTick
 .text.xTaskResumeAll
                0x0000000010005f78      0x158 CMakeFiles/rp2040-freertos-template.dir/__/lib/FreeRTOS-Kernel/tasks.c.obj
                0x0000000010005f78                xTaskResumeAll
 .text.vTaskDelay
                0x00000000100060d0       0x48 CMakeFiles/rp2040-freertos-template.dir/__/lib/FreeRTOS-Kernel/tasks.c.obj
                0x00000000100060d0                vTaskDelay
 .text.vTaskSwitchContext
                0x0000000010006118       0xa4 CMakeFiles/rp2040-freertos-template.dir/__/lib/FreeRTOS-Kernel/tasks.c.obj
                0x0000000010006118                vTaskSwitchContext
 .text.vTaskPlaceOnEventList
                0x00000000100061bc       0x3c CMakeFiles/rp2040-freertos-template.dir/__/lib/FreeRTOS-Kernel/tasks.c.obj
                0x00000000100061bc                vTaskPlaceOnEventList
 .text.vTaskPlaceOnUnorderedEventList
                0x00000000100061f8       0x80 CMakeFiles/rp2040-freertos-template.dir/__/lib/FreeRTOS-Kernel/tasks.c.obj
                0x00000000100061f8                vTaskPlaceOnUnorderedEventList
 .text.vTaskPlaceOnEventListRestricted
                0x0000000010006278       0x60 CMakeFiles/rp2040-freertos-template.dir/__/lib/FreeRTOS-Kernel/tasks.c.obj
                0x0000000010006278                vTaskPlaceOnEventListRestricted
 .text.xTaskRemoveFromEventList
                0x00000000100062d8      0x100 CMakeFiles/rp2040-freertos-template.dir/__/lib/FreeRTOS-Kernel/tasks.c.obj
                0x00000000100062d8                xTaskRemoveFromEventList
 .text.vTaskRemoveFromUnorderedEventList
                0x00000000100063d8       0xf8 CMakeFiles/rp2040-freertos-template.dir/__/lib/FreeRTOS-Kernel/tasks.c.obj
                0x00000000100063d8                vTaskRemoveFromUnorderedEventList
 .text.vTaskInternalSetTimeOutState
                0x00000000100064d0       0x18 CMakeFiles/rp2040-freertos-template.dir/__/lib/FreeRTOS-Kernel/tasks.c.obj
                0x00000000100064d0                vTaskInternalSetTimeOutState
 .text.xTaskCheckForTimeOut
                0x00000000100064e8       0xb0 CMakeFiles/rp2040-freertos-template.dir/__/lib/FreeRTOS-Kernel/tasks.c.obj
                0x00000000100064e8                xTaskCheckForTimeOut
 .text.vTaskMissedYield
                0x0000000010006598        0xc CMakeFiles/rp2040-freertos-template.dir/__/lib/FreeRTOS-Kernel/tasks.c.obj
                0x0000000010006598                vTaskMissedYield
 .text.xTaskGetCurrentTaskHandle
                0x00000000100065a4        0xc CMakeFiles/rp2040-freertos-template.dir/__/lib/FreeRTOS-Kernel/tasks.c.obj
                0x00000000100065a4                xTaskGetCurrentTaskHandle
 .text.xTaskGetSchedulerState
                0x00000000100065b0       0x24 CMakeFiles/rp2040-freertos-template.dir/__/lib/FreeRTOS-Kernel/tasks.c.obj
                0x00000000100065b0                xTaskGetSchedulerState
 .text.xTaskPriorityDisinherit
                0x00000000100065d4       0xc0 CMakeFiles/rp2040-freertos-template.dir/__/lib/FreeRTOS-Kernel/tasks.c.obj
                0x00000000100065d4                xTaskPriorityDisinherit
 .text.uxTaskResetEventItemValue
                0x0000000010006694       0x18 CMakeFiles/rp2040-freertos-template.dir/__/lib/FreeRTOS-Kernel/tasks.c.obj
                0x0000000010006694                uxTaskResetEventItemValue
 .text.prvGetNextExpireTime
                0x00000000100066ac       0x24 CMakeFiles/rp2040-freertos-template.dir/__/lib/FreeRTOS-Kernel/timers.c.obj
 .text.prvInsertTimerInActiveList
                0x00000000100066d0       0x48 CMakeFiles/rp2040-freertos-template.dir/__/lib/FreeRTOS-Kernel/timers.c.obj
 .text.prvReloadTimer
                0x0000000010006718       0x2a CMakeFiles/rp2040-freertos-template.dir/__/lib/FreeRTOS-Kernel/timers.c.obj
 *fill*         0x0000000010006742        0x2 
 .text.prvProcessExpiredTimer
                0x0000000010006744       0x3c CMakeFiles/rp2040-freertos-template.dir/__/lib/FreeRTOS-Kernel/timers.c.obj
 .text.prvSwitchTimerLists
                0x0000000010006780       0x30 CMakeFiles/rp2040-freertos-template.dir/__/lib/FreeRTOS-Kernel/timers.c.obj
 .text.prvSampleTimeNow
                0x00000000100067b0       0x2c CMakeFiles/rp2040-freertos-template.dir/__/lib/FreeRTOS-Kernel/timers.c.obj
 .text.prvProcessTimerOrBlockTask
                0x00000000100067dc       0x70 CMakeFiles/rp2040-freertos-template.dir/__/lib/FreeRTOS-Kernel/timers.c.obj
 .text.prvProcessReceivedCommands
                0x000000001000684c      0x10c CMakeFiles/rp2040-freertos-template.dir/__/lib/FreeRTOS-Kernel/timers.c.obj
 .text.prvTimerTask
                0x0000000010006958       0x16 CMakeFiles/rp2040-freertos-template.dir/__/lib/FreeRTOS-Kernel/timers.c.obj
 *fill*         0x000000001000696e        0x2 
 .text.prvCheckForValidListAndQueue
                0x0000000010006970       0x60 CMakeFiles/rp2040-freertos-template.dir/__/lib/FreeRTOS-Kernel/timers.c.obj
 .text.xTimerCreateTimerTask
                0x00000000100069d0       0x58 CMakeFiles/rp2040-freertos-template.dir/__/lib/FreeRTOS-Kernel/timers.c.obj
                0x00000000100069d0                xTimerCreateTimerTask
 .text.xTimerPendFunctionCallFromISR
                0x0000000010006a28       0x28 CMakeFiles/rp2040-freertos-template.dir/__/lib/FreeRTOS-Kernel/timers.c.obj
                0x0000000010006a28                xTimerPendFunctionCallFromISR
 .text.exception_is_compile_time_default
                0x0000000010006a50       0x20 CMakeFiles/rp2040-freertos-template.dir/home/linux/pico/pico-sdk/src/rp2_common/hardware_exception/exception.c.obj
 .text.set_raw_exception_handler_and_restore_interrupts
                0x0000000010006a70       0x18 CMakeFiles/rp2040-freertos-template.dir/home/linux/pico/pico-sdk/src/rp2_common/hardware_exception/exception.c.obj
 .text.exception_get_vtable_handler
                0x0000000010006a88       0x10 CMakeFiles/rp2040-freertos-template.dir/home/linux/pico/pico-sdk/src/rp2_common/hardware_exception/exception.c.obj
                0x0000000010006a88                exception_get_vtable_handler
 .text.exception_set_exclusive_handler
                0x0000000010006a98       0x44 CMakeFiles/rp2040-freertos-template.dir/home/linux/pico/pico-sdk/src/rp2_common/hardware_exception/exception.c.obj
                0x0000000010006a98                exception_set_exclusive_handler
 .text          0x0000000010006adc       0x68 /usr/lib/gcc/arm-none-eabi/9.2.1/../../../arm-none-eabi/lib/thumb/v6-m/nofp/libg.a(lib_a-strlen-stub.o)
                0x0000000010006adc                strlen
 *(.fini)
 .fini          0x0000000010006b44        0x4 /usr/lib/gcc/arm-none-eabi/9.2.1/thumb/v6-m/nofp/crti.o
                0x0000000010006b44                _fini
 .fini.__stub   0x0000000010006b48       0x40 linker stubs
 *crtbegin.o(.ctors)
 *crtbegin?.o(.ctors)
 *(EXCLUDE_FILE(*crtend.o *crtend?.o) .ctors)
 *(SORT_BY_NAME(.ctors.*))
 *(.ctors)
 *crtbegin.o(.dtors)
 *crtbegin?.o(.dtors)
 *(EXCLUDE_FILE(*crtend.o *crtend?.o) .dtors)
 *(SORT_BY_NAME(.dtors.*))
 *(.dtors)
 *(.eh_frame*)
 .eh_frame      0x0000000010006b88        0x0 /usr/lib/gcc/arm-none-eabi/9.2.1/thumb/v6-m/nofp/crtbegin.o
                0x0000000010006b88                . = ALIGN (0x4)

.glue_7         0x0000000010006b88        0x0
 .glue_7        0x0000000010006b88        0x0 linker stubs

.glue_7t        0x0000000010006b88        0x0
 .glue_7t       0x0000000010006b88        0x0 linker stubs

.vfp11_veneer   0x0000000010006b88        0x0
 .vfp11_veneer  0x0000000010006b88        0x0 linker stubs

.v4_bx          0x0000000010006b88        0x0
 .v4_bx         0x0000000010006b88        0x0 linker stubs

.iplt           0x0000000010006b88        0x0
 .iplt          0x0000000010006b88        0x0 /usr/lib/gcc/arm-none-eabi/9.2.1/thumb/v6-m/nofp/crtbegin.o

.rodata         0x0000000010006b88     0x1d8c
 *(EXCLUDE_FILE(*libm.a: *libc.a:*lib_a-mem*.o *libgcc.a:) .rodata*)
 .rodata.vTask_queue.str1.4
                0x0000000010006b88       0x14 CMakeFiles/rp2040-freertos-template.dir/main.c.obj
 .rodata.main.str1.4
                0x0000000010006b9c       0x1b CMakeFiles/rp2040-freertos-template.dir/main.c.obj
 *fill*         0x0000000010006bb7        0x1 
 .rodata.make_branch.str1.4
                0x0000000010006bb8       0x6c CMakeFiles/rp2040-freertos-template.dir/home/linux/pico/pico-sdk/src/rp2_common/hardware_irq/irq.c.obj
 .rodata.insert_branch_and_link.str1.4
                0x0000000010006c24       0x10 CMakeFiles/rp2040-freertos-template.dir/home/linux/pico/pico-sdk/src/rp2_common/hardware_irq/irq.c.obj
 .rodata.irq_set_exclusive_handler.str1.4
                0x0000000010006c34       0x36 CMakeFiles/rp2040-freertos-template.dir/home/linux/pico/pico-sdk/src/rp2_common/hardware_irq/irq.c.obj
 *fill*         0x0000000010006c6a        0x2 
 .rodata.irq_add_shared_handler.str1.4
                0x0000000010006c6c       0xd9 CMakeFiles/rp2040-freertos-template.dir/home/linux/pico/pico-sdk/src/rp2_common/hardware_irq/irq.c.obj
 *fill*         0x0000000010006d45        0x3 
 .rodata.irq_remove_handler.str1.4
                0x0000000010006d48       0x3a CMakeFiles/rp2040-freertos-template.dir/home/linux/pico/pico-sdk/src/rp2_common/hardware_irq/irq.c.obj
 *fill*         0x0000000010006d82        0x2 
 .rodata.irq_add_tail_to_free_list.str1.4
                0x0000000010006d84       0x3a CMakeFiles/rp2040-freertos-template.dir/home/linux/pico/pico-sdk/src/rp2_common/hardware_irq/irq.c.obj
 *fill*         0x0000000010006dbe        0x2 
 .rodata.__func__.4839
                0x0000000010006dc0       0x1a CMakeFiles/rp2040-freertos-template.dir/home/linux/pico/pico-sdk/src/rp2_common/hardware_irq/irq.c.obj
 *fill*         0x0000000010006dda        0x2 
 .rodata.__func__.4853
                0x0000000010006ddc        0xc CMakeFiles/rp2040-freertos-template.dir/home/linux/pico/pico-sdk/src/rp2_common/hardware_irq/irq.c.obj
 .rodata.__func__.4861
                0x0000000010006de8       0x17 CMakeFiles/rp2040-freertos-template.dir/home/linux/pico/pico-sdk/src/rp2_common/hardware_irq/irq.c.obj
 *fill*         0x0000000010006dff        0x1 
 .rodata.__func__.4865
                0x0000000010006e00        0xf CMakeFiles/rp2040-freertos-template.dir/home/linux/pico/pico-sdk/src/rp2_common/hardware_irq/irq.c.obj
 *fill*         0x0000000010006e0f        0x1 
 .rodata.__func__.4904
                0x0000000010006e10       0x13 CMakeFiles/rp2040-freertos-template.dir/home/linux/pico/pico-sdk/src/rp2_common/hardware_irq/irq.c.obj
 *fill*         0x0000000010006e23        0x1 
 .rodata.__func__.4926
                0x0000000010006e24       0x1a CMakeFiles/rp2040-freertos-template.dir/home/linux/pico/pico-sdk/src/rp2_common/hardware_irq/irq.c.obj
 *fill*         0x0000000010006e3e        0x2 
 .rodata.str1.4
                0x0000000010006e40       0xe9 CMakeFiles/rp2040-freertos-template.dir/home/linux/pico/pico-sdk/src/common/pico_sync/mutex.c.obj
 *fill*         0x0000000010006f29        0x3 
 .rodata.__func__.4754
                0x0000000010006f2c       0x18 CMakeFiles/rp2040-freertos-template.dir/home/linux/pico/pico-sdk/src/common/pico_sync/mutex.c.obj
 .rodata.__func__.4771
                0x0000000010006f44        0xb CMakeFiles/rp2040-freertos-template.dir/home/linux/pico/pico-sdk/src/common/pico_sync/mutex.c.obj
 *fill*         0x0000000010006f4f        0x1 
 .rodata.repeating_timer_callback.str1.4
                0x0000000010006f50       0x4a CMakeFiles/rp2040-freertos-template.dir/home/linux/pico/pico-sdk/src/common/pico_time/time.c.obj
 *fill*         0x0000000010006f9a        0x2 
 .rodata.timer_pool_entry_comparator.str1.4
                0x0000000010006f9c       0x22 CMakeFiles/rp2040-freertos-template.dir/home/linux/pico/pico-sdk/src/common/pico_time/time.c.obj
 *fill*         0x0000000010006fbe        0x2 
 .rodata.ph_add_child_node.str1.4
                0x0000000010006fc0       0x96 CMakeFiles/rp2040-freertos-template.dir/home/linux/pico/pico-sdk/src/common/pico_time/time.c.obj
 *fill*         0x0000000010007056        0x2 
 .rodata.add_alarm_under_lock.str1.4
                0x0000000010007058       0x28 CMakeFiles/rp2040-freertos-template.dir/home/linux/pico/pico-sdk/src/common/pico_time/time.c.obj
                                         0x2b (size before relaxing)
 .rodata.alarm_pool_alarm_callback.str1.4
                0x0000000010007080       0x98 CMakeFiles/rp2040-freertos-template.dir/home/linux/pico/pico-sdk/src/common/pico_time/time.c.obj
                                         0xf8 (size before relaxing)
 .rodata.alarm_pool_get_default.str1.4
                0x0000000010007118       0x21 CMakeFiles/rp2040-freertos-template.dir/home/linux/pico/pico-sdk/src/common/pico_time/time.c.obj
 *fill*         0x0000000010007139        0x3 
 .rodata.alarm_pool_cancel_alarm.str1.4
                0x000000001000713c       0x27 CMakeFiles/rp2040-freertos-template.dir/home/linux/pico/pico-sdk/src/common/pico_time/time.c.obj
 *fill*         0x0000000010007163        0x1 
 .rodata.__func__.5701
                0x0000000010007164       0x15 CMakeFiles/rp2040-freertos-template.dir/home/linux/pico/pico-sdk/src/common/pico_time/time.c.obj
 *fill*         0x0000000010007179        0x3 
 .rodata.__func__.6076
                0x000000001000717c        0xc CMakeFiles/rp2040-freertos-template.dir/home/linux/pico/pico-sdk/src/common/pico_time/time.c.obj
 .rodata.__func__.6083
                0x0000000010007188       0x12 CMakeFiles/rp2040-freertos-template.dir/home/linux/pico/pico-sdk/src/common/pico_time/time.c.obj
 *fill*         0x000000001000719a        0x2 
 .rodata.__func__.6099
                0x000000001000719c        0xf CMakeFiles/rp2040-freertos-template.dir/home/linux/pico/pico-sdk/src/common/pico_time/time.c.obj
 *fill*         0x00000000100071ab        0x1 
 .rodata.__func__.6121
                0x00000000100071ac        0xd CMakeFiles/rp2040-freertos-template.dir/home/linux/pico/pico-sdk/src/common/pico_time/time.c.obj
 *fill*         0x00000000100071b9        0x3 
 .rodata.__func__.6349
                0x00000000100071bc        0xa CMakeFiles/rp2040-freertos-template.dir/home/linux/pico/pico-sdk/src/common/pico_time/time.c.obj
 *fill*         0x00000000100071c6        0x2 
 .rodata.__func__.6354
                0x00000000100071c8       0x12 CMakeFiles/rp2040-freertos-template.dir/home/linux/pico/pico-sdk/src/common/pico_time/time.c.obj
 *fill*         0x00000000100071da        0x2 
 .rodata.__func__.6369
                0x00000000100071dc       0x17 CMakeFiles/rp2040-freertos-template.dir/home/linux/pico/pico-sdk/src/common/pico_time/time.c.obj
 *fill*         0x00000000100071f3        0x1 
 .rodata.__func__.6380
                0x00000000100071f4       0x15 CMakeFiles/rp2040-freertos-template.dir/home/linux/pico/pico-sdk/src/common/pico_time/time.c.obj
 *fill*         0x0000000010007209        0x3 
 .rodata.__func__.6397
                0x000000001000720c       0x1a CMakeFiles/rp2040-freertos-template.dir/home/linux/pico/pico-sdk/src/common/pico_time/time.c.obj
 *fill*         0x0000000010007226        0x2 
 .rodata.__func__.6450
                0x0000000010007228       0x18 CMakeFiles/rp2040-freertos-template.dir/home/linux/pico/pico-sdk/src/common/pico_time/time.c.obj
 .rodata.hardware_alarm_claim.str1.4
                0x0000000010007240       0x22 CMakeFiles/rp2040-freertos-template.dir/home/linux/pico/pico-sdk/src/rp2_common/hardware_timer/timer.c.obj
 .rodata.busy_wait_us.str1.4
                0x0000000010007262       0x60 CMakeFiles/rp2040-freertos-template.dir/home/linux/pico/pico-sdk/src/rp2_common/hardware_timer/timer.c.obj
 *fill*         0x0000000010007262        0x2 
 .rodata.hardware_alarm_set_target.str1.4
                0x0000000010007264       0x64 CMakeFiles/rp2040-freertos-template.dir/home/linux/pico/pico-sdk/src/rp2_common/hardware_timer/timer.c.obj
 .rodata.__func__.4193
                0x00000000100072c8       0x15 CMakeFiles/rp2040-freertos-template.dir/home/linux/pico/pico-sdk/src/rp2_common/hardware_timer/timer.c.obj
 *fill*         0x00000000100072dd        0x3 
 .rodata.__func__.4621
                0x00000000100072e0       0x1a CMakeFiles/rp2040-freertos-template.dir/home/linux/pico/pico-sdk/src/rp2_common/hardware_timer/timer.c.obj
 .rodata.ph_add_child_node.str1.4
                0x00000000100072fa       0x96 CMakeFiles/rp2040-freertos-template.dir/home/linux/pico/pico-sdk/src/common/pico_util/pheap.c.obj
 *fill*         0x00000000100072fa        0x2 
 .rodata.ph_remove_any_head.str1.4
                0x00000000100072fc       0x8c CMakeFiles/rp2040-freertos-template.dir/home/linux/pico/pico-sdk/src/common/pico_util/pheap.c.obj
                                         0xa0 (size before relaxing)
 .rodata.ph_remove_and_free_node.str1.4
                0x0000000010007388       0x1e CMakeFiles/rp2040-freertos-template.dir/home/linux/pico/pico-sdk/src/common/pico_util/pheap.c.obj
                                         0x26 (size before relaxing)
 *fill*         0x00000000100073a6        0x2 
 .rodata.__func__.5757
                0x00000000100073a8        0xc CMakeFiles/rp2040-freertos-template.dir/home/linux/pico/pico-sdk/src/common/pico_util/pheap.c.obj
 .rodata.__func__.5764
                0x00000000100073b4       0x12 CMakeFiles/rp2040-freertos-template.dir/home/linux/pico/pico-sdk/src/common/pico_util/pheap.c.obj
 *fill*         0x00000000100073c6        0x2 
 .rodata.__func__.5850
                0x00000000100073c8       0x13 CMakeFiles/rp2040-freertos-template.dir/home/linux/pico/pico-sdk/src/common/pico_util/pheap.c.obj
 *fill*         0x00000000100073db        0x1 
 .rodata.__func__.5868
                0x00000000100073dc       0x18 CMakeFiles/rp2040-freertos-template.dir/home/linux/pico/pico-sdk/src/common/pico_util/pheap.c.obj
 .rodata.clock_configure.str1.4
                0x00000000100073f4       0x56 CMakeFiles/rp2040-freertos-template.dir/home/linux/pico/pico-sdk/src/rp2_common/hardware_clocks/clocks.c.obj
 *fill*         0x000000001000744a        0x2 
 .rodata.__func__.4807
                0x000000001000744c       0x10 CMakeFiles/rp2040-freertos-template.dir/home/linux/pico/pico-sdk/src/rp2_common/hardware_clocks/clocks.c.obj
 .rodata.pll_init.str1.4
                0x000000001000745c      0x120 CMakeFiles/rp2040-freertos-template.dir/home/linux/pico/pico-sdk/src/rp2_common/hardware_pll/pll.c.obj
 .rodata.__func__.4464
                0x000000001000757c        0x9 CMakeFiles/rp2040-freertos-template.dir/home/linux/pico/pico-sdk/src/rp2_common/hardware_pll/pll.c.obj
 *fill*         0x0000000010007585        0x3 
 .rodata.__assert_func.str1.4
                0x0000000010007588       0x3f CMakeFiles/rp2040-freertos-template.dir/home/linux/pico/pico-sdk/src/rp2_common/pico_runtime/runtime.c.obj
                                         0x43 (size before relaxing)
 *fill*         0x00000000100075c7        0x1 
 .rodata.runtime_init.str1.4
                0x00000000100075c8       0x60 CMakeFiles/rp2040-freertos-template.dir/home/linux/pico/pico-sdk/src/rp2_common/pico_runtime/runtime.c.obj
 .rodata.panic.str1.4
                0x0000000010007628       0x12 CMakeFiles/rp2040-freertos-template.dir/home/linux/pico/pico-sdk/src/rp2_common/pico_runtime/runtime.c.obj
 *fill*         0x000000001000763a        0x2 
 .rodata.panic_unsupported.str1.4
                0x000000001000763c        0xe CMakeFiles/rp2040-freertos-template.dir/home/linux/pico/pico-sdk/src/rp2_common/pico_runtime/runtime.c.obj
 *fill*         0x000000001000764a        0x2 
 .rodata.__func__.6417
                0x000000001000764c        0xd CMakeFiles/rp2040-freertos-template.dir/home/linux/pico/pico-sdk/src/rp2_common/pico_runtime/runtime.c.obj
 *fill*         0x0000000010007659        0x3 
 .rodata._ftoa.str1.4
                0x000000001000765c       0x15 CMakeFiles/rp2040-freertos-template.dir/home/linux/pico/pico-sdk/src/rp2_common/pico_printf/printf.c.obj
 *fill*         0x0000000010007671        0x3 
 .rodata._vsnprintf
                0x0000000010007674      0x1e0 CMakeFiles/rp2040-freertos-template.dir/home/linux/pico/pico-sdk/src/rp2_common/pico_printf/printf.c.obj
 *fill*         0x0000000010007854        0x4 
 .rodata.pow10.5462
                0x0000000010007858       0x50 CMakeFiles/rp2040-freertos-template.dir/home/linux/pico/pico-sdk/src/rp2_common/pico_printf/printf.c.obj
 .rodata.__aeabi_double_init.str1.4
                0x00000000100078a8       0x9b CMakeFiles/rp2040-freertos-template.dir/home/linux/pico/pico-sdk/src/rp2_common/pico_double/double_init_rom.c.obj
 *fill*         0x0000000010007943        0x1 
 .rodata.__func__.4768
                0x0000000010007944       0x14 CMakeFiles/rp2040-freertos-template.dir/home/linux/pico/pico-sdk/src/rp2_common/pico_double/double_init_rom.c.obj
 .rodata.__aeabi_float_init.str1.4
                0x0000000010007958       0x79 CMakeFiles/rp2040-freertos-template.dir/home/linux/pico/pico-sdk/src/rp2_common/pico_float/float_init_rom.c.obj
                                         0x7d (size before relaxing)
 *fill*         0x00000000100079d1        0x3 
 .rodata.__func__.4769
                0x00000000100079d4       0x13 CMakeFiles/rp2040-freertos-template.dir/home/linux/pico/pico-sdk/src/rp2_common/pico_float/float_init_rom.c.obj
 *fill*         0x00000000100079e7        0x1 
 .rodata.str1.4
                0x00000000100079e8       0x50 CMakeFiles/rp2040-freertos-template.dir/home/linux/pico/pico-sdk/src/rp2_common/pico_standard_link/binary_info.c.obj
 .rodata.__bi_44
                0x0000000010007a38        0xc CMakeFiles/rp2040-freertos-template.dir/home/linux/pico/pico-sdk/src/rp2_common/pico_standard_link/binary_info.c.obj
 .rodata.__bi_75
                0x0000000010007a44        0xc CMakeFiles/rp2040-freertos-template.dir/home/linux/pico/pico-sdk/src/rp2_common/pico_standard_link/binary_info.c.obj
 .rodata.__bi_81
                0x0000000010007a50        0xc CMakeFiles/rp2040-freertos-template.dir/home/linux/pico/pico-sdk/src/rp2_common/pico_standard_link/binary_info.c.obj
 .rodata.stdout_serialize_begin.str1.4
                0x0000000010007a5c       0x60 CMakeFiles/rp2040-freertos-template.dir/home/linux/pico/pico-sdk/src/rp2_common/pico_stdio/stdio.c.obj
 .rodata.__func__.5563
                0x0000000010007a5c       0x15 CMakeFiles/rp2040-freertos-template.dir/home/linux/pico/pico-sdk/src/rp2_common/pico_stdio/stdio.c.obj
 *fill*         0x0000000010007a71        0x3 
 .rodata.crlf_str.6260
                0x0000000010007a74        0x2 CMakeFiles/rp2040-freertos-template.dir/home/linux/pico/pico-sdk/src/rp2_common/pico_stdio/stdio.c.obj
 *fill*         0x0000000010007a76        0x2 
 .rodata.str1.4
                0x0000000010007a78       0x2c CMakeFiles/rp2040-freertos-template.dir/home/linux/pico/pico-sdk/src/rp2_common/pico_stdio_uart/stdio_uart.c.obj
 .rodata.__bi_33.4910
                0x0000000010007aa4        0xc CMakeFiles/rp2040-freertos-template.dir/home/linux/pico/pico-sdk/src/rp2_common/pico_stdio_uart/stdio_uart.c.obj
 .rodata.__bi_34.4914
                0x0000000010007ab0        0x8 CMakeFiles/rp2040-freertos-template.dir/home/linux/pico/pico-sdk/src/rp2_common/pico_stdio_uart/stdio_uart.c.obj
 .rodata.prvInsertBlockIntoFreeList.str1.4
                0x0000000010007ab8       0xe9 CMakeFiles/rp2040-freertos-template.dir/__/lib/FreeRTOS-Kernel/portable/MemMang/heap_4.c.obj
 *fill*         0x0000000010007ba1        0x3 
 .rodata.pvPortMalloc.str1.4
                0x0000000010007ba4      0x18d CMakeFiles/rp2040-freertos-template.dir/__/lib/FreeRTOS-Kernel/portable/MemMang/heap_4.c.obj
 *fill*         0x0000000010007d31        0x3 
 .rodata.vPortFree.str1.4
                0x0000000010007d34      0x10f CMakeFiles/rp2040-freertos-template.dir/__/lib/FreeRTOS-Kernel/portable/MemMang/heap_4.c.obj
 *fill*         0x0000000010007e43        0x1 
 .rodata.__func__.5644
                0x0000000010007e44        0xd CMakeFiles/rp2040-freertos-template.dir/__/lib/FreeRTOS-Kernel/portable/MemMang/heap_4.c.obj
 *fill*         0x0000000010007e51        0x3 
 .rodata.__func__.5653
                0x0000000010007e54        0xa CMakeFiles/rp2040-freertos-template.dir/__/lib/FreeRTOS-Kernel/portable/MemMang/heap_4.c.obj
 *fill*         0x0000000010007e5e        0x2 
 .rodata.__func__.5683
                0x0000000010007e60       0x1b CMakeFiles/rp2040-freertos-template.dir/__/lib/FreeRTOS-Kernel/portable/MemMang/heap_4.c.obj
 .rodata.prvGetTicksToWaitBefore.str1.4
                0x0000000010007e7b       0x60 CMakeFiles/rp2040-freertos-template.dir/__/lib/FreeRTOS-Kernel/portable/ThirdParty/GCC/RP2040/port.c.obj
 *fill*         0x0000000010007e7b        0x1 
 .rodata.vPortYield.str1.4
                0x0000000010007e7c       0x9d CMakeFiles/rp2040-freertos-template.dir/__/lib/FreeRTOS-Kernel/portable/ThirdParty/GCC/RP2040/port.c.obj
 *fill*         0x0000000010007f19        0x3 
 .rodata.vPortExitCritical.str1.4
                0x0000000010007f1c       0x12 CMakeFiles/rp2040-freertos-template.dir/__/lib/FreeRTOS-Kernel/portable/ThirdParty/GCC/RP2040/port.c.obj
 *fill*         0x0000000010007f2e        0x2 
 .rodata.vPortLockInternalSpinUnlockWithWait.str1.4
                0x0000000010007f30       0x72 CMakeFiles/rp2040-freertos-template.dir/__/lib/FreeRTOS-Kernel/portable/ThirdParty/GCC/RP2040/port.c.obj
 *fill*         0x0000000010007fa2        0x2 
 .rodata.__func__.4211
                0x0000000010007fa4       0x15 CMakeFiles/rp2040-freertos-template.dir/__/lib/FreeRTOS-Kernel/portable/ThirdParty/GCC/RP2040/port.c.obj
 *fill*         0x0000000010007fb9        0x3 
 .rodata.__func__.5560
                0x0000000010007fbc        0xb CMakeFiles/rp2040-freertos-template.dir/__/lib/FreeRTOS-Kernel/portable/ThirdParty/GCC/RP2040/port.c.obj
 *fill*         0x0000000010007fc7        0x1 
 .rodata.__func__.5567
                0x0000000010007fc8       0x12 CMakeFiles/rp2040-freertos-template.dir/__/lib/FreeRTOS-Kernel/portable/ThirdParty/GCC/RP2040/port.c.obj
 *fill*         0x0000000010007fda        0x2 
 .rodata.__func__.5630
                0x0000000010007fdc       0x37 CMakeFiles/rp2040-freertos-template.dir/__/lib/FreeRTOS-Kernel/portable/ThirdParty/GCC/RP2040/port.c.obj
 *fill*         0x0000000010008013        0x1 
 .rodata.xEventGroupWaitBits.str1.4
                0x0000000010008014      0x103 CMakeFiles/rp2040-freertos-template.dir/__/lib/FreeRTOS-Kernel/event_groups.c.obj
 *fill*         0x0000000010008117        0x1 
 .rodata.xEventGroupSetBits.str1.4
                0x0000000010008118       0x24 CMakeFiles/rp2040-freertos-template.dir/__/lib/FreeRTOS-Kernel/event_groups.c.obj
 .rodata.__func__.5562
                0x000000001000813c       0x14 CMakeFiles/rp2040-freertos-template.dir/__/lib/FreeRTOS-Kernel/event_groups.c.obj
 .rodata.__func__.5595
                0x0000000010008150       0x13 CMakeFiles/rp2040-freertos-template.dir/__/lib/FreeRTOS-Kernel/event_groups.c.obj
 *fill*         0x0000000010008163        0x1 
 .rodata.prvNotifyQueueSetContainer.str1.4
                0x0000000010008164       0xda CMakeFiles/rp2040-freertos-template.dir/__/lib/FreeRTOS-Kernel/queue.c.obj
 *fill*         0x000000001000823e        0x2 
 .rodata.xQueueGenericReset.str1.4
                0x0000000010008240       0x2c CMakeFiles/rp2040-freertos-template.dir/__/lib/FreeRTOS-Kernel/queue.c.obj
 .rodata.xQueueGenericCreate.str1.4
                0x000000001000826c        0xb CMakeFiles/rp2040-freertos-template.dir/__/lib/FreeRTOS-Kernel/queue.c.obj
 *fill*         0x0000000010008277        0x1 
 .rodata.xQueueGenericSend.str1.4
                0x0000000010008278       0xa5 CMakeFiles/rp2040-freertos-template.dir/__/lib/FreeRTOS-Kernel/queue.c.obj
                                         0xfb (size before relaxing)
 *fill*         0x000000001000831d        0x3 
 .rodata.xQueueReceive.str1.4
                0x0000000010008320       0x66 CMakeFiles/rp2040-freertos-template.dir/__/lib/FreeRTOS-Kernel/queue.c.obj
 *fill*         0x0000000010008386        0x2 
 .rodata.uxQueueMessagesWaiting.str1.4
                0x0000000010008388        0x7 CMakeFiles/rp2040-freertos-template.dir/__/lib/FreeRTOS-Kernel/queue.c.obj
 *fill*         0x000000001000838f        0x1 
 .rodata.__func__.5809
                0x0000000010008390       0x13 CMakeFiles/rp2040-freertos-template.dir/__/lib/FreeRTOS-Kernel/queue.c.obj
 *fill*         0x00000000100083a3        0x1 
 .rodata.__func__.5818
                0x00000000100083a4       0x14 CMakeFiles/rp2040-freertos-template.dir/__/lib/FreeRTOS-Kernel/queue.c.obj
 .rodata.__func__.5875
                0x00000000100083b8       0x12 CMakeFiles/rp2040-freertos-template.dir/__/lib/FreeRTOS-Kernel/queue.c.obj
 *fill*         0x00000000100083ca        0x2 
 .rodata.__func__.5887
                0x00000000100083cc       0x19 CMakeFiles/rp2040-freertos-template.dir/__/lib/FreeRTOS-Kernel/queue.c.obj
 *fill*         0x00000000100083e5        0x3 
 .rodata.__func__.5910
                0x00000000100083e8        0xe CMakeFiles/rp2040-freertos-template.dir/__/lib/FreeRTOS-Kernel/queue.c.obj
 *fill*         0x00000000100083f6        0x2 
 .rodata.__func__.6048
                0x00000000100083f8       0x14 CMakeFiles/rp2040-freertos-template.dir/__/lib/FreeRTOS-Kernel/queue.c.obj
 .rodata.__func__.6104
                0x000000001000840c       0x1b CMakeFiles/rp2040-freertos-template.dir/__/lib/FreeRTOS-Kernel/queue.c.obj
 *fill*         0x0000000010008427        0x1 
 .rodata.prvTaskIsTaskSuspended.str1.4
                0x0000000010008428       0x63 CMakeFiles/rp2040-freertos-template.dir/__/lib/FreeRTOS-Kernel/tasks.c.obj
 *fill*         0x000000001000848b        0x1 
 .rodata.prvInitialiseNewTask.str1.4
                0x000000001000848c       0x10 CMakeFiles/rp2040-freertos-template.dir/__/lib/FreeRTOS-Kernel/tasks.c.obj
 .rodata.prvCreateIdleTasks.str1.4
                0x000000001000849c        0x5 CMakeFiles/rp2040-freertos-template.dir/__/lib/FreeRTOS-Kernel/tasks.c.obj
 *fill*         0x00000000100084a1        0x3 
 .rodata.vTaskStartScheduler.str1.4
                0x00000000100084a4       0x12 CMakeFiles/rp2040-freertos-template.dir/__/lib/FreeRTOS-Kernel/tasks.c.obj
 *fill*         0x00000000100084b6        0x2 
 .rodata.xTaskIncrementTick.str1.4
                0x00000000100084b8       0x76 CMakeFiles/rp2040-freertos-template.dir/__/lib/FreeRTOS-Kernel/tasks.c.obj
 *fill*         0x000000001000852e        0x2 
 .rodata.xTaskResumeAll.str1.4
                0x0000000010008530       0x1b CMakeFiles/rp2040-freertos-template.dir/__/lib/FreeRTOS-Kernel/tasks.c.obj
 *fill*         0x000000001000854b        0x1 
 .rodata.xTaskDelayUntil.str1.4
                0x000000001000854c       0x47 CMakeFiles/rp2040-freertos-template.dir/__/lib/FreeRTOS-Kernel/tasks.c.obj
 *fill*         0x0000000010008593        0x1 
 .rodata.vTaskSwitchContext.str1.4
                0x0000000010008594        0xe CMakeFiles/rp2040-freertos-template.dir/__/lib/FreeRTOS-Kernel/tasks.c.obj
 *fill*         0x00000000100085a2        0x2 
 .rodata.vTaskPlaceOnEventList.str1.4
                0x00000000100085a4        0xc CMakeFiles/rp2040-freertos-template.dir/__/lib/FreeRTOS-Kernel/tasks.c.obj
 .rodata.vTaskPlaceOnUnorderedEventList.str1.4
                0x00000000100085b0       0x2b CMakeFiles/rp2040-freertos-template.dir/__/lib/FreeRTOS-Kernel/tasks.c.obj
 *fill*         0x00000000100085db        0x1 
 .rodata.xTaskRemoveFromEventList.str1.4
                0x00000000100085dc        0xf CMakeFiles/rp2040-freertos-template.dir/__/lib/FreeRTOS-Kernel/tasks.c.obj
 *fill*         0x00000000100085eb        0x1 
 .rodata.vTaskSetTimeOutState.str1.4
                0x00000000100085ec        0xa CMakeFiles/rp2040-freertos-template.dir/__/lib/FreeRTOS-Kernel/tasks.c.obj
 *fill*         0x00000000100085f6        0x2 
 .rodata.xTaskCheckForTimeOut.str1.4
                0x00000000100085f8        0xe CMakeFiles/rp2040-freertos-template.dir/__/lib/FreeRTOS-Kernel/tasks.c.obj
 *fill*         0x0000000010008606        0x2 
 .rodata.xTaskPriorityDisinherit.str1.4
                0x0000000010008608       0x2d CMakeFiles/rp2040-freertos-template.dir/__/lib/FreeRTOS-Kernel/tasks.c.obj
 *fill*         0x0000000010008635        0x3 
 .rodata.__func__.5783
                0x0000000010008638       0x15 CMakeFiles/rp2040-freertos-template.dir/__/lib/FreeRTOS-Kernel/tasks.c.obj
 *fill*         0x000000001000864d        0x3 
 .rodata.__func__.5809
                0x0000000010008650        0xb CMakeFiles/rp2040-freertos-template.dir/__/lib/FreeRTOS-Kernel/tasks.c.obj
 *fill*         0x000000001000865b        0x1 
 .rodata.__func__.5882
                0x000000001000865c       0x14 CMakeFiles/rp2040-freertos-template.dir/__/lib/FreeRTOS-Kernel/tasks.c.obj
 .rodata.__func__.5895
                0x0000000010008670        0xf CMakeFiles/rp2040-freertos-template.dir/__/lib/FreeRTOS-Kernel/tasks.c.obj
 *fill*         0x000000001000867f        0x1 
 .rodata.__func__.5980
                0x0000000010008680       0x13 CMakeFiles/rp2040-freertos-template.dir/__/lib/FreeRTOS-Kernel/tasks.c.obj
 *fill*         0x0000000010008693        0x1 
 .rodata.__func__.5990
                0x0000000010008694       0x13 CMakeFiles/rp2040-freertos-template.dir/__/lib/FreeRTOS-Kernel/tasks.c.obj
 *fill*         0x00000000100086a7        0x1 
 .rodata.__func__.5999
                0x00000000100086a8       0x16 CMakeFiles/rp2040-freertos-template.dir/__/lib/FreeRTOS-Kernel/tasks.c.obj
 *fill*         0x00000000100086be        0x2 
 .rodata.__func__.6005
                0x00000000100086c0       0x1f CMakeFiles/rp2040-freertos-template.dir/__/lib/FreeRTOS-Kernel/tasks.c.obj
 *fill*         0x00000000100086df        0x1 
 .rodata.__func__.6012
                0x00000000100086e0       0x20 CMakeFiles/rp2040-freertos-template.dir/__/lib/FreeRTOS-Kernel/tasks.c.obj
 .rodata.__func__.6019
                0x0000000010008700       0x19 CMakeFiles/rp2040-freertos-template.dir/__/lib/FreeRTOS-Kernel/tasks.c.obj
 *fill*         0x0000000010008719        0x3 
 .rodata.__func__.6029
                0x000000001000871c       0x22 CMakeFiles/rp2040-freertos-template.dir/__/lib/FreeRTOS-Kernel/tasks.c.obj
 *fill*         0x000000001000873e        0x2 
 .rodata.__func__.6045
                0x0000000010008740       0x15 CMakeFiles/rp2040-freertos-template.dir/__/lib/FreeRTOS-Kernel/tasks.c.obj
 *fill*         0x0000000010008755        0x3 
 .rodata.__func__.6149
                0x0000000010008758       0x18 CMakeFiles/rp2040-freertos-template.dir/__/lib/FreeRTOS-Kernel/tasks.c.obj
 .rodata.prvProcessReceivedCommands.str1.4
                0x0000000010008770       0x84 CMakeFiles/rp2040-freertos-template.dir/__/lib/FreeRTOS-Kernel/timers.c.obj
 .rodata.prvProcessReceivedCommands
                0x00000000100087f4       0x28 CMakeFiles/rp2040-freertos-template.dir/__/lib/FreeRTOS-Kernel/timers.c.obj
 .rodata.prvCheckForValidListAndQueue.str1.4
                0x000000001000881c        0x5 CMakeFiles/rp2040-freertos-template.dir/__/lib/FreeRTOS-Kernel/timers.c.obj
 *fill*         0x0000000010008821        0x3 
 .rodata.xTimerCreateTimerTask.str1.4
                0x0000000010008824       0x10 CMakeFiles/rp2040-freertos-template.dir/__/lib/FreeRTOS-Kernel/timers.c.obj
 .rodata.__func__.5676
                0x0000000010008834       0x16 CMakeFiles/rp2040-freertos-template.dir/__/lib/FreeRTOS-Kernel/timers.c.obj
 *fill*         0x000000001000884a        0x2 
 .rodata.__func__.5798
                0x000000001000884c       0x1b CMakeFiles/rp2040-freertos-template.dir/__/lib/FreeRTOS-Kernel/timers.c.obj
 *fill*         0x0000000010008867        0x1 
 .rodata.exception_set_exclusive_handler.str1.4
                0x0000000010008868       0x8c CMakeFiles/rp2040-freertos-template.dir/home/linux/pico/pico-sdk/src/rp2_common/hardware_exception/exception.c.obj
 .rodata.__func__.4465
                0x00000000100088f4       0x20 CMakeFiles/rp2040-freertos-template.dir/home/linux/pico/pico-sdk/src/rp2_common/hardware_exception/exception.c.obj
                0x0000000010008914                . = ALIGN (0x4)
 *(SORT_BY_ALIGNMENT(SORT_BY_NAME(.flashdata*)))
                0x0000000010008914                . = ALIGN (0x4)

.ARM.extab
 *(.ARM.extab* .gnu.linkonce.armextab.*)
                0x0000000010008914                __exidx_start = .

.ARM.exidx
 *(.ARM.exidx* .gnu.linkonce.armexidx.*)
                0x0000000010008914                __exidx_end = .
                0x0000000010008914                . = ALIGN (0x4)
                0x0000000010008914                __binary_info_start = .

.binary_info    0x0000000010008914       0x24
 *(.binary_info.keep.*)
 .binary_info.keep.__bi_ptr22
                0x0000000010008914        0x4 CMakeFiles/rp2040-freertos-template.dir/home/linux/pico/pico-sdk/src/rp2_common/pico_standard_link/binary_info.c.obj
 .binary_info.keep.__bi_ptr30
                0x0000000010008918        0x4 CMakeFiles/rp2040-freertos-template.dir/home/linux/pico/pico-sdk/src/rp2_common/pico_standard_link/binary_info.c.obj
 .binary_info.keep.__bi_ptr38
                0x000000001000891c        0x4 CMakeFiles/rp2040-freertos-template.dir/home/linux/pico/pico-sdk/src/rp2_common/pico_standard_link/binary_info.c.obj
 .binary_info.keep.__bi_ptr44
                0x0000000010008920        0x4 CMakeFiles/rp2040-freertos-template.dir/home/linux/pico/pico-sdk/src/rp2_common/pico_standard_link/binary_info.c.obj
 .binary_info.keep.__bi_ptr50
                0x0000000010008924        0x4 CMakeFiles/rp2040-freertos-template.dir/home/linux/pico/pico-sdk/src/rp2_common/pico_standard_link/binary_info.c.obj
 .binary_info.keep.__bi_ptr75
                0x0000000010008928        0x4 CMakeFiles/rp2040-freertos-template.dir/home/linux/pico/pico-sdk/src/rp2_common/pico_standard_link/binary_info.c.obj
 .binary_info.keep.__bi_ptr81
                0x000000001000892c        0x4 CMakeFiles/rp2040-freertos-template.dir/home/linux/pico/pico-sdk/src/rp2_common/pico_standard_link/binary_info.c.obj
 *(.binary_info.*)
 .binary_info.__bi_ptr33
                0x0000000010008930        0x4 CMakeFiles/rp2040-freertos-template.dir/home/linux/pico/pico-sdk/src/rp2_common/pico_stdio_uart/stdio_uart.c.obj
 .binary_info.__bi_ptr34
                0x0000000010008934        0x4 CMakeFiles/rp2040-freertos-template.dir/home/linux/pico/pico-sdk/src/rp2_common/pico_stdio_uart/stdio_uart.c.obj
                0x0000000010008938                __binary_info_end = .

.rel.dyn        0x0000000010008938        0x0
 .rel.iplt      0x0000000010008938        0x0 /usr/lib/gcc/arm-none-eabi/9.2.1/thumb/v6-m/nofp/crtbegin.o
                0x0000000010008938                . = ALIGN (0x4)

.ram_vector_table
                0x0000000020000000       0xc0
 *(.ram_vector_table)
 .ram_vector_table
                0x0000000020000000       0xc0 CMakeFiles/rp2040-freertos-template.dir/home/linux/pico/pico-sdk/src/rp2_common/pico_runtime/runtime.c.obj
                0x0000000020000000                ram_vector_table

.data           0x00000000200000c0      0x258 load address 0x0000000010008938
                0x00000000200000c0                __data_start__ = .
 *(vtable)
 *(.time_critical*)
 .time_critical.mutex_try_enter
                0x00000000200000c0       0x42 CMakeFiles/rp2040-freertos-template.dir/home/linux/pico/pico-sdk/src/common/pico_sync/mutex.c.obj
                0x00000000200000c0                mutex_try_enter
 *fill*         0x0000000020000102        0x2 
 .time_critical.mutex_enter_block_until
                0x0000000020000104       0x78 CMakeFiles/rp2040-freertos-template.dir/home/linux/pico/pico-sdk/src/common/pico_sync/mutex.c.obj
                0x0000000020000104                mutex_enter_block_until
 .time_critical.mutex_try_enter_block_until
                0x000000002000017c       0x32 CMakeFiles/rp2040-freertos-template.dir/home/linux/pico/pico-sdk/src/common/pico_sync/mutex.c.obj
                0x000000002000017c                mutex_try_enter_block_until
 *fill*         0x00000000200001ae        0x2 
 .time_critical.mutex_exit
                0x00000000200001b0       0x40 CMakeFiles/rp2040-freertos-template.dir/home/linux/pico/pico-sdk/src/common/pico_sync/mutex.c.obj
                0x00000000200001b0                mutex_exit
 *(.text*)
 .text          0x00000000200001f0        0x4 /usr/lib/gcc/arm-none-eabi/9.2.1/thumb/v6-m/nofp/libgcc.a(_dvmd_tls.o)
                0x00000000200001f0                __aeabi_ldiv0
                0x00000000200001f0                __aeabi_idiv0
 *fill*         0x00000000200001f4        0x4 
 .text.__stub   0x00000000200001f8       0x40 linker stubs
                0x0000000020000238                . = ALIGN (0x4)
 *(.rodata*)
                0x0000000020000238                . = ALIGN (0x4)
 *(.data*)
 .data.striped_spin_lock_num
                0x0000000020000238        0x1 CMakeFiles/rp2040-freertos-template.dir/home/linux/pico/pico-sdk/src/rp2_common/hardware_sync/sync.c.obj
 *fill*         0x0000000020000239        0x3 
 .data          0x000000002000023c       0x48 CMakeFiles/rp2040-freertos-template.dir/home/linux/pico/pico-sdk/src/rp2_common/hardware_irq/irq_handler_chain.S.obj
                0x000000002000023c                irq_handler_chain_slots
                0x000000002000026c                irq_handler_chain_first_slot
                0x0000000020000276                irq_handler_chain_remove_tail
 .data.default_alarm_pool
                0x0000000020000284       0x18 CMakeFiles/rp2040-freertos-template.dir/home/linux/pico/pico-sdk/src/common/pico_time/time.c.obj
 .data.default_alarm_pool_heap
                0x000000002000029c       0x10 CMakeFiles/rp2040-freertos-template.dir/home/linux/pico/pico-sdk/src/common/pico_time/time.c.obj
 *fill*         0x00000000200002ac        0x4 
 .data.aeabi_bits_funcs
                0x00000000200002b0       0x10 CMakeFiles/rp2040-freertos-template.dir/home/linux/pico/pico-sdk/src/rp2_common/pico_bit_ops/bit_ops_aeabi.S.obj
                0x00000000200002b0                aeabi_bits_funcs
                0x00000000200002c0                aeabi_bits_funcs_end
 .data.aeabi_mem_funcs
                0x00000000200002c0       0x10 CMakeFiles/rp2040-freertos-template.dir/home/linux/pico/pico-sdk/src/rp2_common/pico_mem_ops/mem_ops_aeabi.S.obj
                0x00000000200002c0                aeabi_mem_funcs
                0x00000000200002d0                aeabi_mem_funcs_end
 .data.stdio_uart
                0x00000000200002d0       0x18 CMakeFiles/rp2040-freertos-template.dir/home/linux/pico/pico-sdk/src/rp2_common/pico_stdio_uart/stdio_uart.c.obj
                0x00000000200002d0                stdio_uart
 .data.ucPrimaryCoreNum
                0x00000000200002e8        0x1 CMakeFiles/rp2040-freertos-template.dir/__/lib/FreeRTOS-Kernel/portable/ThirdParty/GCC/RP2040/port.c.obj
 *fill*         0x00000000200002e9        0x3 
 .data.uxTopUsedPriority
                0x00000000200002ec        0x4 CMakeFiles/rp2040-freertos-template.dir/__/lib/FreeRTOS-Kernel/tasks.c.obj
                0x00000000200002ec                uxTopUsedPriority
                0x00000000200002f0                . = ALIGN (0x4)
 *(.after_data.*)
                0x00000000200002f0                . = ALIGN (0x4)
                0x00000000200002f0                PROVIDE (__mutex_array_start = .)
 *(SORT_BY_NAME(.mutex_array.*))
 *(.mutex_array)
 .mutex_array   0x00000000200002f0        0x8 CMakeFiles/rp2040-freertos-template.dir/home/linux/pico/pico-sdk/src/rp2_common/pico_malloc/pico_malloc.c.obj
 .mutex_array   0x00000000200002f8        0x8 CMakeFiles/rp2040-freertos-template.dir/home/linux/pico/pico-sdk/src/rp2_common/pico_stdio/stdio.c.obj
                0x0000000020000300                PROVIDE (__mutex_array_end = .)